Archive member included because of file (symbol)

c:\Users\_QuestionMark_\AppData\Roaming\Code\User\globalStorage\vexrobotics.vexcode\sdk\cpp\V5\V5_20240802_15_00_00/vexv5\libv5rt.a(v5_startup.c.obj)
                              (vexStartup)
c:\Users\_QuestionMark_\AppData\Roaming\Code\User\globalStorage\vexrobotics.vexcode\sdk\cpp\V5\V5_20240802_15_00_00/vexv5\libv5rt.a(v5_util.c.obj)
                              c:\Users\_QuestionMark_\AppData\Roaming\Code\User\globalStorage\vexrobotics.vexcode\sdk\cpp\V5\V5_20240802_15_00_00/vexv5\libv5rt.a(v5_startup.c.obj) (vexStdlibVersionLinked)
c:\Users\_QuestionMark_\AppData\Roaming\Code\User\globalStorage\vexrobotics.vexcode\sdk\cpp\V5\V5_20240802_15_00_00/vexv5\libv5rt.a(v5_apijump.c.obj)
                              c:\Users\_QuestionMark_\AppData\Roaming\Code\User\globalStorage\vexrobotics.vexcode\sdk\cpp\V5\V5_20240802_15_00_00/vexv5\libv5rt.a(v5_startup.c.obj) (vexPrivateApiEnable)
c:\Users\_QuestionMark_\AppData\Roaming\Code\User\globalStorage\vexrobotics.vexcode\sdk\cpp\V5\V5_20240802_15_00_00/vexv5\libv5rt.a(v5_apiversions.c.obj)
                              c:\Users\_QuestionMark_\AppData\Roaming\Code\User\globalStorage\vexrobotics.vexcode\sdk\cpp\V5\V5_20240802_15_00_00/vexv5\libv5rt.a(v5_apijump.c.obj) (vexSystemVersion)
c:\Users\_QuestionMark_\AppData\Roaming\Code\User\globalStorage\vexrobotics.vexcode\sdk\cpp\V5\V5_20240802_15_00_00/vexv5\libv5rt.a(vex_global.cpp.obj)
                              build/src/main.o (vex::wait(double, vex::timeUnits))
c:\Users\_QuestionMark_\AppData\Roaming\Code\User\globalStorage\vexrobotics.vexcode\sdk\cpp\V5\V5_20240802_15_00_00/vexv5\libv5rt.a(vex_motor.cpp.obj)
                              build/src/robot-config.o (vex::motor::~motor())
c:\Users\_QuestionMark_\AppData\Roaming\Code\User\globalStorage\vexrobotics.vexcode\sdk\cpp\V5\V5_20240802_15_00_00/vexv5\libv5rt.a(vex_imu.cpp.obj)
                              build/src/main.o (vex::inertial::setHeading(double, vex::rotationUnits))
c:\Users\_QuestionMark_\AppData\Roaming\Code\User\globalStorage\vexrobotics.vexcode\sdk\cpp\V5\V5_20240802_15_00_00/vexv5\libv5rt.a(vex_rotation.cpp.obj)
                              build/src/robot-config.o (vex::rotation::~rotation())
c:\Users\_QuestionMark_\AppData\Roaming\Code\User\globalStorage\vexrobotics.vexcode\sdk\cpp\V5\V5_20240802_15_00_00/vexv5\libv5rt.a(vex_distance.cpp.obj)
                              build/src/robot-config.o (vex::distance::~distance())
c:\Users\_QuestionMark_\AppData\Roaming\Code\User\globalStorage\vexrobotics.vexcode\sdk\cpp\V5\V5_20240802_15_00_00/vexv5\libv5rt.a(vex_controller.cpp.obj)
                              build/src/robot-config.o (vex::controller::~controller())
c:\Users\_QuestionMark_\AppData\Roaming\Code\User\globalStorage\vexrobotics.vexcode\sdk\cpp\V5\V5_20240802_15_00_00/vexv5\libv5rt.a(vex_task.cpp.obj)
                              build/src/main.o (vex::task::sleep(unsigned long))
c:\Users\_QuestionMark_\AppData\Roaming\Code\User\globalStorage\vexrobotics.vexcode\sdk\cpp\V5\V5_20240802_15_00_00/vexv5\libv5rt.a(vex_thread.cpp.obj)
                              build/src/main.o (vex::this_thread::sleep_for(unsigned long))
c:\Users\_QuestionMark_\AppData\Roaming\Code\User\globalStorage\vexrobotics.vexcode\sdk\cpp\V5\V5_20240802_15_00_00/vexv5\libv5rt.a(vex_event.cpp.obj)
                              c:\Users\_QuestionMark_\AppData\Roaming\Code\User\globalStorage\vexrobotics.vexcode\sdk\cpp\V5\V5_20240802_15_00_00/vexv5\libv5rt.a(vex_imu.cpp.obj) (vex::event::init(unsigned long, unsigned long, void (*)()))
c:\Users\_QuestionMark_\AppData\Roaming\Code\User\globalStorage\vexrobotics.vexcode\sdk\cpp\V5\V5_20240802_15_00_00/vexv5\libv5rt.a(vex_mevent.cpp.obj)
                              c:\Users\_QuestionMark_\AppData\Roaming\Code\User\globalStorage\vexrobotics.vexcode\sdk\cpp\V5\V5_20240802_15_00_00/vexv5\libv5rt.a(vex_controller.cpp.obj) (vex::mevent::mevent(unsigned long, unsigned long))
c:\Users\_QuestionMark_\AppData\Roaming\Code\User\globalStorage\vexrobotics.vexcode\sdk\cpp\V5\V5_20240802_15_00_00/vexv5\libv5rt.a(vex_brain.cpp.obj)
                              build/src/pid.o (vex::brain::timer(vex::timeUnits))
c:\Users\_QuestionMark_\AppData\Roaming\Code\User\globalStorage\vexrobotics.vexcode\sdk\cpp\V5\V5_20240802_15_00_00/vexv5\libv5rt.a(vex_competition.cpp.obj)
                              build/src/main.o (vex::competition::competition())
c:\Users\_QuestionMark_\AppData\Roaming\Code\User\globalStorage\vexrobotics.vexcode\sdk\cpp\V5\V5_20240802_15_00_00/vexv5\libv5rt.a(vex_triport.cpp.obj)
                              c:\Users\_QuestionMark_\AppData\Roaming\Code\User\globalStorage\vexrobotics.vexcode\sdk\cpp\V5\V5_20240802_15_00_00/vexv5\libv5rt.a(vex_brain.cpp.obj) (vex::triport::~triport())
[...]
Memory Configuration

Name             Origin             Length             Attributes
ps7_ddr_0_S_AXI_BASEADDR 0x03800000         0x04800000
*default*        0x00000000         0xffffffff

Linker script and memory map

                0x00002000                _STACK_SIZE = DEFINED (_STACK_SIZE)?_STACK_SIZE:0x2000
                0x00100000                _HEAP_SIZE = DEFINED (_HEAP_SIZE)?_HEAP_SIZE:0x100000
                0x00000400                _ABORT_STACK_SIZE = DEFINED (_ABORT_STACK_SIZE)?_ABORT_STACK_SIZE:0x400
                0x00000800                _SUPERVISOR_STACK_SIZE = DEFINED (_SUPERVISOR_STACK_SIZE)?_SUPERVISOR_STACK_SIZE:0x800
                0x00000400                _IRQ_STACK_SIZE = DEFINED (_IRQ_STACK_SIZE)?_IRQ_STACK_SIZE:0x400
                0x00000400                _FIQ_STACK_SIZE = DEFINED (_FIQ_STACK_SIZE)?_FIQ_STACK_SIZE:0x400
                0x00000400                _UNDEF_STACK_SIZE = DEFINED (_UNDEF_STACK_SIZE)?_UNDEF_STACK_SIZE:0x400

.text           0x03800000     0x65b0
 *(.vectors)
 *(.boot_data)
 .boot_data     0x03800000       0x20 c:\Users\_QuestionMark_\AppData\Roaming\Code\User\globalStorage\vexrobotics.vexcode\sdk\cpp\V5\V5_20240802_15_00_00/vexv5\libv5rt.a(v5_startup.c.obj)
                0x03800000                vexCodeSig
                0x00000020                . = 0x20
 *(.boot)
 .boot          0x03800020       0xbc c:\Users\_QuestionMark_\AppData\Roaming\Code\User\globalStorage\vexrobotics.vexcode\sdk\cpp\V5\V5_20240802_15_00_00/vexv5\libv5rt.a(v5_startup.c.obj)
                0x03800020                vexStartup
                0x03800100                . = ALIGN (0x40)
 *fill*         0x038000dc       0x24 
 *(.freertos_vectors)
 *(.text)
 *(.text.*)
 .text._Z3dsrdid
                0x03800100      0x2ec build/src/main.o
                0x03800100                dsr(double, int, double)
 .text._Z6updatev
                0x038003ec       0xb8 build/src/main.o
                0x038003ec                update()
 *fill*         0x038004a4        0x4 
 .text._Z5telopv
                0x038004a8      0x3c0 build/src/main.o
                0x038004a8                telop()
 .text._Z5autonv
                0x03800868      0x570 build/src/main.o
                0x03800868                auton()
 .text.main     0x03800dd8       0x48 build/src/main.o
                0x03800dd8                main
 .text._GLOBAL__sub_I_main.cpp
                0x03800e20       0x34 build/src/main.o
 .text._ZN3PIDC2Eddd
                0x03800e54       0x98 build/src/pid.o
                0x03800e54                PID::PID(double, double, double)
                0x03800e54                PID::PID(double, double, double)
 .text._ZN3PID9setTargetEd
                0x03800eec       0x10 build/src/pid.o
                0x03800eec                PID::setTarget(double)
 .text._ZN3PID25setSmallBigErrorToleranceEdd
                0x03800efc       0x18 build/src/pid.o
                0x03800efc                PID::setSmallBigErrorTolerance(double, double)
 .text._ZN3PID14setIntegralMaxEd
                0x03800f14       0x10 build/src/pid.o
                0x03800f14                PID::setIntegralMax(double)
 .text._ZN3PID16setIntegralRangeEd
                0x03800f24       0x10 build/src/pid.o
                0x03800f24                PID::setIntegralRange(double)
 .text._ZN3PID22setDerivativeToleranceEd
                0x03800f34       0x10 build/src/pid.o
                0x03800f34                PID::setDerivativeTolerance(double)
 .text._ZN3PID24setSmallBigErrorDurationEdd
                0x03800f44       0x18 build/src/pid.o
                0x03800f44                PID::setSmallBigErrorDuration(double, double)
 .text._ZN3PID9setArriveEb
                0x03800f5c        0x8 build/src/pid.o
                0x03800f5c                PID::setArrive(bool)
 .text._ZN3PID13targetArrivedEv
                0x03800f64        0x8 build/src/pid.o
                0x03800f64                PID::targetArrived()
 .text._ZN3PID6updateEd
                0x03800f6c      0x2ac build/src/pid.o
                0x03800f6c                PID::update(double)
 .text._GLOBAL__sub_I_pid.cpp
                0x03801218       0x34 build/src/pid.o
 .text._ZN3vex11motor_groupC2IJNS_5motorES2_EEERS2_DpRT_
                0x0380124c       0x44 build/src/robot-config.o
                0x0380124c                vex::motor_group::motor_group<vex::motor, vex::motor>(vex::motor&, vex::motor&, vex::motor&)
 .text._GLOBAL__sub_I_robot_config.cpp
                0x03801290      0x4c0 build/src/robot-config.o
 .text._GLOBAL__sub_I_utils.cpp
                0x03801750       0x34 build/src/utils.o
 *fill*         0x03801784        0x4 
 .text._Z15normalizeTargetd
                0x03801788      0x138 build/src/motor-control.o
                0x03801788                normalizeTarget(double)
 .text._Z10scaleToMinRdS_d
                0x038018c0       0xe4 build/src/motor-control.o
                0x038018c0                scaleToMin(double&, double&, double)
 .text._Z10scaleToMaxRdS_d
                0x038019a4       0xb4 build/src/motor-control.o
                0x038019a4                scaleToMax(double&, double&, double)
 .text._Z11turnToAngleddbd
                0x03801a58      0x750 build/src/motor-control.o
                0x03801a58                turnToAngle(double, double, bool, double)
 .text._Z7driveToddbd
                0x038021a8      0x6e8 build/src/motor-control.o
                0x038021a8                driveTo(double, double, bool, double)
 .text._GLOBAL__sub_I_motor_control.cpp
                0x03802890       0x34 build/src/motor-control.o
 .text.vexMain  0x038028c4       0xb0 c:\Users\_QuestionMark_\AppData\Roaming\Code\User\globalStorage\vexrobotics.vexcode\sdk\cpp\V5\V5_20240802_15_00_00/vexv5\libv5rt.a(v5_startup.c.obj)
                0x038028c4                vexMain
 .text.__vex_function_prolog
                0x03802974       0x18 c:\Users\_QuestionMark_\AppData\Roaming\Code\User\globalStorage\vexrobotics.vexcode\sdk\cpp\V5\V5_20240802_15_00_00/vexv5\libv5rt.a(v5_startup.c.obj)
                0x03802974                __vex_function_prolog
 .text._init    0x0380298c        0x4 c:\Users\_QuestionMark_\AppData\Roaming\Code\User\globalStorage\vexrobotics.vexcode\sdk\cpp\V5\V5_20240802_15_00_00/vexv5\libv5rt.a(v5_startup.c.obj)
                0x0380298c                _init
 .text._fini    0x03802990        0x4 c:\Users\_QuestionMark_\AppData\Roaming\Code\User\globalStorage\vexrobotics.vexcode\sdk\cpp\V5\V5_20240802_15_00_00/vexv5\libv5rt.a(v5_startup.c.obj)
                0x03802990                _fini
 .text.vexStdlibVersionLinked
                0x03802994        0xc c:\Users\_QuestionMark_\AppData\Roaming\Code\User\globalStorage\vexrobotics.vexcode\sdk\cpp\V5\V5_20240802_15_00_00/vexv5\libv5rt.a(v5_util.c.obj)
                0x03802994                vexStdlibVersionLinked
 .text.vexStdlibVersionVerify
                0x038029a0       0x30 c:\Users\_QuestionMark_\AppData\Roaming\Code\User\globalStorage\vexrobotics.vexcode\sdk\cpp\V5\V5_20240802_15_00_00/vexv5\libv5rt.a(v5_util.c.obj)
                0x038029a0                vexStdlibVersionVerify
 .text.vexPrivateApiEnable
                0x038029d0       0x10 c:\Users\_QuestionMark_\AppData\Roaming\Code\User\globalStorage\vexrobotics.vexcode\sdk\cpp\V5\V5_20240802_15_00_00/vexv5\libv5rt.a(v5_apijump.c.obj)
                0x038029d0                vexPrivateApiEnable
 .text.vexStdlibMismatchError
                0x038029e0       0x3c c:\Users\_QuestionMark_\AppData\Roaming\Code\User\globalStorage\vexrobotics.vexcode\sdk\cpp\V5\V5_20240802_15_00_00/vexv5\libv5rt.a(v5_apijump.c.obj)
                0x038029e0                vexStdlibMismatchError
 .text.vexTaskAdd
                0x03802a1c       0x10 c:\Users\_QuestionMark_\AppData\Roaming\Code\User\globalStorage\vexrobotics.vexcode\sdk\cpp\V5\V5_20240802_15_00_00/vexv5\libv5rt.a(v5_apijump.c.obj)
                0x03802a1c                vexTaskAdd
 .text.vexTasksRun
                0x03802a2c       0x10 c:\Users\_QuestionMark_\AppData\Roaming\Code\User\globalStorage\vexrobotics.vexcode\sdk\cpp\V5\V5_20240802_15_00_00/vexv5\libv5rt.a(v5_apijump.c.obj)
                0x03802a2c                vexTasksRun
 .text.vexTaskYield
                0x03802a3c       0x10 c:\Users\_QuestionMark_\AppData\Roaming\Code\User\globalStorage\vexrobotics.vexcode\sdk\cpp\V5\V5_20240802_15_00_00/vexv5\libv5rt.a(v5_apijump.c.obj)
                0x03802a3c                vexTaskYield
 .text.vexTaskCheckTimeslice
                0x03802a4c       0x10 c:\Users\_QuestionMark_\AppData\Roaming\Code\User\globalStorage\vexrobotics.vexcode\sdk\cpp\V5\V5_20240802_15_00_00/vexv5\libv5rt.a(v5_apijump.c.obj)
                0x03802a4c                vexTaskCheckTimeslice
 .text.vexTaskSleep
                0x03802a5c       0x10 c:\Users\_QuestionMark_\AppData\Roaming\Code\User\globalStorage\vexrobotics.vexcode\sdk\cpp\V5\V5_20240802_15_00_00/vexv5\libv5rt.a(v5_apijump.c.obj)
                0x03802a5c                vexTaskSleep
 .text.vexTasksDump
                0x03802a6c       0x1c c:\Users\_QuestionMark_\AppData\Roaming\Code\User\globalStorage\vexrobotics.vexcode\sdk\cpp\V5\V5_20240802_15_00_00/vexv5\libv5rt.a(v5_apijump.c.obj)
                0x03802a6c                vexTasksDump
 .text.vexTaskGetTaskIndex
                0x03802a88       0x10 c:\Users\_QuestionMark_\AppData\Roaming\Code\User\globalStorage\vexrobotics.vexcode\sdk\cpp\V5\V5_20240802_15_00_00/vexv5\libv5rt.a(v5_apijump.c.obj)
                0x03802a88                vexTaskGetTaskIndex
 .text.vexTaskStopAll
                0x03802a98       0x10 c:\Users\_QuestionMark_\AppData\Roaming\Code\User\globalStorage\vexrobotics.vexcode\sdk\cpp\V5\V5_20240802_15_00_00/vexv5\libv5rt.a(v5_apijump.c.obj)
                0x03802a98                vexTaskStopAll
 .text.vexTaskRemoveAllUser
                0x03802aa8       0x34 c:\Users\_QuestionMark_\AppData\Roaming\Code\User\globalStorage\vexrobotics.vexcode\sdk\cpp\V5\V5_20240802_15_00_00/vexv5\libv5rt.a(v5_apijump.c.obj)
                0x03802aa8                vexTaskRemoveAllUser
 .text.vexTaskCompletionIdSet
                0x03802adc       0x10 c:\Users\_QuestionMark_\AppData\Roaming\Code\User\globalStorage\vexrobotics.vexcode\sdk\cpp\V5\V5_20240802_15_00_00/vexv5\libv5rt.a(v5_apijump.c.obj)
                0x03802adc                vexTaskCompletionIdSet
 .text.vexTaskStopWithId
                0x03802aec       0x10 c:\Users\_QuestionMark_\AppData\Roaming\Code\User\globalStorage\vexrobotics.vexcode\sdk\cpp\V5\V5_20240802_15_00_00/vexv5\libv5rt.a(v5_apijump.c.obj)
                0x03802aec                vexTaskStopWithId
 .text.vexCriticalSection
                0x03802afc       0x2c c:\Users\_QuestionMark_\AppData\Roaming\Code\User\globalStorage\vexrobotics.vexcode\sdk\cpp\V5\V5_20240802_15_00_00/vexv5\libv5rt.a(v5_apijump.c.obj)
                0x03802afc                vexCriticalSection
 .text.vexEventAdd
                0x03802b28       0x34 c:\Users\_QuestionMark_\AppData\Roaming\Code\User\globalStorage\vexrobotics.vexcode\sdk\cpp\V5\V5_20240802_15_00_00/vexv5\libv5rt.a(v5_apijump.c.obj)
                0x03802b28                vexEventAdd
 .text.vexEventUserIndexGet
                0x03802b5c       0x1c c:\Users\_QuestionMark_\AppData\Roaming\Code\User\globalStorage\vexrobotics.vexcode\sdk\cpp\V5\V5_20240802_15_00_00/vexv5\libv5rt.a(v5_apijump.c.obj)
                0x03802b5c                vexEventUserIndexGet
 .text.vexEventAddWithArg
                0x03802b78       0x3c c:\Users\_QuestionMark_\AppData\Roaming\Code\User\globalStorage\vexrobotics.vexcode\sdk\cpp\V5\V5_20240802_15_00_00/vexv5\libv5rt.a(v5_apijump.c.obj)
                0x03802b78                vexEventAddWithArg
 .text.vexEventsCleanup
                0x03802bb4       0x2c c:\Users\_QuestionMark_\AppData\Roaming\Code\User\globalStorage\vexrobotics.vexcode\sdk\cpp\V5\V5_20240802_15_00_00/vexv5\libv5rt.a(v5_apijump.c.obj)
                0x03802bb4                vexEventsCleanup
 .text.vexDebug
                0x03802be0       0x38 c:\Users\_QuestionMark_\AppData\Roaming\Code\User\globalStorage\vexrobotics.vexcode\sdk\cpp\V5\V5_20240802_15_00_00/vexv5\libv5rt.a(v5_apijump.c.obj)
                0x03802be0                vexDebug
 .text.vex_sprintf
                0x03802c18       0x40 c:\Users\_QuestionMark_\AppData\Roaming\Code\User\globalStorage\vexrobotics.vexcode\sdk\cpp\V5\V5_20240802_15_00_00/vexv5\libv5rt.a(v5_apijump.c.obj)
                0x03802c18                vex_sprintf
 .text.vex_vsnprintf
                0x03802c58       0x3c c:\Users\_QuestionMark_\AppData\Roaming\Code\User\globalStorage\vexrobotics.vexcode\sdk\cpp\V5\V5_20240802_15_00_00/vexv5\libv5rt.a(v5_apijump.c.obj)
                0x03802c58                vex_vsnprintf
 .text.vexSystemTimeGet
                0x03802c94       0x1c c:\Users\_QuestionMark_\AppData\Roaming\Code\User\globalStorage\vexrobotics.vexcode\sdk\cpp\V5\V5_20240802_15_00_00/vexv5\libv5rt.a(v5_apijump.c.obj)
                0x03802c94                vexSystemTimeGet
 .text.vexSystemExitRequest
                0x03802cb0       0x1c c:\Users\_QuestionMark_\AppData\Roaming\Code\User\globalStorage\vexrobotics.vexcode\sdk\cpp\V5\V5_20240802_15_00_00/vexv5\libv5rt.a(v5_apijump.c.obj)
                0x03802cb0                vexSystemExitRequest
 .text.vexDeviceGetByIndex
                0x03802ccc       0x24 c:\Users\_QuestionMark_\AppData\Roaming\Code\User\globalStorage\vexrobotics.vexcode\sdk\cpp\V5\V5_20240802_15_00_00/vexv5\libv5rt.a(v5_apijump.c.obj)
                0x03802ccc                vexDeviceGetByIndex
 .text.vexControllerGet
                0x03802cf0       0x2c c:\Users\_QuestionMark_\AppData\Roaming\Code\User\globalStorage\vexrobotics.vexcode\sdk\cpp\V5\V5_20240802_15_00_00/vexv5\libv5rt.a(v5_apijump.c.obj)
                0x03802cf0                vexControllerGet
 .text.vexControllerTextSet
                0x03802d1c       0x74 c:\Users\_QuestionMark_\AppData\Roaming\Code\User\globalStorage\vexrobotics.vexcode\sdk\cpp\V5\V5_20240802_15_00_00/vexv5\libv5rt.a(v5_apijump.c.obj)
                0x03802d1c                vexControllerTextSet
 .text.vexDeviceAdiPortConfigSet
                0x03802d90       0x34 c:\Users\_QuestionMark_\AppData\Roaming\Code\User\globalStorage\vexrobotics.vexcode\sdk\cpp\V5\V5_20240802_15_00_00/vexv5\libv5rt.a(v5_apijump.c.obj)
                0x03802d90                vexDeviceAdiPortConfigSet
 .text.vexDeviceAdiPortConfigGet
                0x03802dc4       0x2c c:\Users\_QuestionMark_\AppData\Roaming\Code\User\globalStorage\vexrobotics.vexcode\sdk\cpp\V5\V5_20240802_15_00_00/vexv5\libv5rt.a(v5_apijump.c.obj)
                0x03802dc4                vexDeviceAdiPortConfigGet
 .text.vexDeviceAdiValueSet
                0x03802df0       0x34 c:\Users\_QuestionMark_\AppData\Roaming\Code\User\globalStorage\vexrobotics.vexcode\sdk\cpp\V5\V5_20240802_15_00_00/vexv5\libv5rt.a(v5_apijump.c.obj)
                0x03802df0                vexDeviceAdiValueSet
 .text.vexDeviceAdiValueGet
                0x03802e24       0x2c c:\Users\_QuestionMark_\AppData\Roaming\Code\User\globalStorage\vexrobotics.vexcode\sdk\cpp\V5\V5_20240802_15_00_00/vexv5\libv5rt.a(v5_apijump.c.obj)
                0x03802e24                vexDeviceAdiValueGet
 .text.vexDeviceMotorVelocitySet
                0x03802e50       0x2c c:\Users\_QuestionMark_\AppData\Roaming\Code\User\globalStorage\vexrobotics.vexcode\sdk\cpp\V5\V5_20240802_15_00_00/vexv5\libv5rt.a(v5_apijump.c.obj)
                0x03802e50                vexDeviceMotorVelocitySet
 .text.vexDeviceMotorVoltageSet
                0x03802e7c       0x2c c:\Users\_QuestionMark_\AppData\Roaming\Code\User\globalStorage\vexrobotics.vexcode\sdk\cpp\V5\V5_20240802_15_00_00/vexv5\libv5rt.a(v5_apijump.c.obj)
                0x03802e7c                vexDeviceMotorVoltageSet
 .text.vexDeviceMotorVelocityGet
                0x03802ea8       0x24 c:\Users\_QuestionMark_\AppData\Roaming\Code\User\globalStorage\vexrobotics.vexcode\sdk\cpp\V5\V5_20240802_15_00_00/vexv5\libv5rt.a(v5_apijump.c.obj)
                0x03802ea8                vexDeviceMotorVelocityGet
 .text.vexDeviceMotorActualVelocityGet
                0x03802ecc       0x24 c:\Users\_QuestionMark_\AppData\Roaming\Code\User\globalStorage\vexrobotics.vexcode\sdk\cpp\V5\V5_20240802_15_00_00/vexv5\libv5rt.a(v5_apijump.c.obj)
                0x03802ecc                vexDeviceMotorActualVelocityGet
 .text.vexDeviceMotorModeGet
                0x03802ef0       0x24 c:\Users\_QuestionMark_\AppData\Roaming\Code\User\globalStorage\vexrobotics.vexcode\sdk\cpp\V5\V5_20240802_15_00_00/vexv5\libv5rt.a(v5_apijump.c.obj)
                0x03802ef0                vexDeviceMotorModeGet
 .text.vexDeviceMotorZeroPositionFlagGet
                0x03802f14       0x24 c:\Users\_QuestionMark_\AppData\Roaming\Code\User\globalStorage\vexrobotics.vexcode\sdk\cpp\V5\V5_20240802_15_00_00/vexv5\libv5rt.a(v5_apijump.c.obj)
                0x03802f14                vexDeviceMotorZeroPositionFlagGet
 .text.vexDeviceMotorReverseFlagSet
                0x03802f38       0x2c c:\Users\_QuestionMark_\AppData\Roaming\Code\User\globalStorage\vexrobotics.vexcode\sdk\cpp\V5\V5_20240802_15_00_00/vexv5\libv5rt.a(v5_apijump.c.obj)
                0x03802f38                vexDeviceMotorReverseFlagSet
 .text.vexDeviceMotorEncoderUnitsSet
                0x03802f64       0x2c c:\Users\_QuestionMark_\AppData\Roaming\Code\User\globalStorage\vexrobotics.vexcode\sdk\cpp\V5\V5_20240802_15_00_00/vexv5\libv5rt.a(v5_apijump.c.obj)
                0x03802f64                vexDeviceMotorEncoderUnitsSet
 .text.vexDeviceMotorBrakeModeSet
                0x03802f90       0x2c c:\Users\_QuestionMark_\AppData\Roaming\Code\User\globalStorage\vexrobotics.vexcode\sdk\cpp\V5\V5_20240802_15_00_00/vexv5\libv5rt.a(v5_apijump.c.obj)
                0x03802f90                vexDeviceMotorBrakeModeSet
 .text.vexDeviceMotorPositionSet
                0x03802fbc       0x34 c:\Users\_QuestionMark_\AppData\Roaming\Code\User\globalStorage\vexrobotics.vexcode\sdk\cpp\V5\V5_20240802_15_00_00/vexv5\libv5rt.a(v5_apijump.c.obj)
                0x03802fbc                vexDeviceMotorPositionSet
 .text.vexDeviceMotorPositionGet
                0x03802ff0       0x24 c:\Users\_QuestionMark_\AppData\Roaming\Code\User\globalStorage\vexrobotics.vexcode\sdk\cpp\V5\V5_20240802_15_00_00/vexv5\libv5rt.a(v5_apijump.c.obj)
                0x03802ff0                vexDeviceMotorPositionGet
 .text.vexDeviceMotorRelativeTargetSet
                0x03803014       0x3c c:\Users\_QuestionMark_\AppData\Roaming\Code\User\globalStorage\vexrobotics.vexcode\sdk\cpp\V5\V5_20240802_15_00_00/vexv5\libv5rt.a(v5_apijump.c.obj)
                0x03803014                vexDeviceMotorRelativeTargetSet
 .text.vexDeviceMotorGearingSet
                0x03803050       0x2c c:\Users\_QuestionMark_\AppData\Roaming\Code\User\globalStorage\vexrobotics.vexcode\sdk\cpp\V5\V5_20240802_15_00_00/vexv5\libv5rt.a(v5_apijump.c.obj)
                0x03803050                vexDeviceMotorGearingSet
 .text.vexDeviceMotorGearingGet
                0x0380307c       0x24 c:\Users\_QuestionMark_\AppData\Roaming\Code\User\globalStorage\vexrobotics.vexcode\sdk\cpp\V5\V5_20240802_15_00_00/vexv5\libv5rt.a(v5_apijump.c.obj)
                0x0380307c                vexDeviceMotorGearingGet
 .text.vexDeviceImuReset
                0x038030a0       0x24 c:\Users\_QuestionMark_\AppData\Roaming\Code\User\globalStorage\vexrobotics.vexcode\sdk\cpp\V5\V5_20240802_15_00_00/vexv5\libv5rt.a(v5_apijump.c.obj)
                0x038030a0                vexDeviceImuReset
 .text.vexDeviceImuHeadingGet
                0x038030c4       0x24 c:\Users\_QuestionMark_\AppData\Roaming\Code\User\globalStorage\vexrobotics.vexcode\sdk\cpp\V5\V5_20240802_15_00_00/vexv5\libv5rt.a(v5_apijump.c.obj)
                0x038030c4                vexDeviceImuHeadingGet
 .text.vexDeviceImuDegreesGet
                0x038030e8       0x24 c:\Users\_QuestionMark_\AppData\Roaming\Code\User\globalStorage\vexrobotics.vexcode\sdk\cpp\V5\V5_20240802_15_00_00/vexv5\libv5rt.a(v5_apijump.c.obj)
                0x038030e8                vexDeviceImuDegreesGet
 .text.vexDeviceImuStatusGet
                0x0380310c       0x24 c:\Users\_QuestionMark_\AppData\Roaming\Code\User\globalStorage\vexrobotics.vexcode\sdk\cpp\V5\V5_20240802_15_00_00/vexv5\libv5rt.a(v5_apijump.c.obj)
                0x0380310c                vexDeviceImuStatusGet
 .text.vexDeviceAbsEncAngleGet
                0x03803130       0x24 c:\Users\_QuestionMark_\AppData\Roaming\Code\User\globalStorage\vexrobotics.vexcode\sdk\cpp\V5\V5_20240802_15_00_00/vexv5\libv5rt.a(v5_apijump.c.obj)
                0x03803130                vexDeviceAbsEncAngleGet
 .text.vexDeviceAbsEncReverseFlagSet
                0x03803154       0x2c c:\Users\_QuestionMark_\AppData\Roaming\Code\User\globalStorage\vexrobotics.vexcode\sdk\cpp\V5\V5_20240802_15_00_00/vexv5\libv5rt.a(v5_apijump.c.obj)
                0x03803154                vexDeviceAbsEncReverseFlagSet
 .text.vexDeviceDistanceDistanceGet
                0x03803180       0x24 c:\Users\_QuestionMark_\AppData\Roaming\Code\User\globalStorage\vexrobotics.vexcode\sdk\cpp\V5\V5_20240802_15_00_00/vexv5\libv5rt.a(v5_apijump.c.obj)
                0x03803180                vexDeviceDistanceDistanceGet
 .text.vexDisplayForegroundColor
                0x038031a4       0x24 c:\Users\_QuestionMark_\AppData\Roaming\Code\User\globalStorage\vexrobotics.vexcode\sdk\cpp\V5\V5_20240802_15_00_00/vexv5\libv5rt.a(v5_apijump.c.obj)
                0x038031a4                vexDisplayForegroundColor
 .text.vexDisplayBackgroundColor
                0x038031c8       0x24 c:\Users\_QuestionMark_\AppData\Roaming\Code\User\globalStorage\vexrobotics.vexcode\sdk\cpp\V5\V5_20240802_15_00_00/vexv5\libv5rt.a(v5_apijump.c.obj)
                0x038031c8                vexDisplayBackgroundColor
 .text.vexDisplayBackgroundColorGet
                0x038031ec       0x1c c:\Users\_QuestionMark_\AppData\Roaming\Code\User\globalStorage\vexrobotics.vexcode\sdk\cpp\V5\V5_20240802_15_00_00/vexv5\libv5rt.a(v5_apijump.c.obj)
                0x038031ec                vexDisplayBackgroundColorGet
 .text.vexDisplayPixelSet
                0x03803208       0x38 c:\Users\_QuestionMark_\AppData\Roaming\Code\User\globalStorage\vexrobotics.vexcode\sdk\cpp\V5\V5_20240802_15_00_00/vexv5\libv5rt.a(v5_apijump.c.obj)
                0x03803208                vexDisplayPixelSet
 .text.vexDisplayLineDraw
                0x03803240       0x4c c:\Users\_QuestionMark_\AppData\Roaming\Code\User\globalStorage\vexrobotics.vexcode\sdk\cpp\V5\V5_20240802_15_00_00/vexv5\libv5rt.a(v5_apijump.c.obj)
                0x03803240                vexDisplayLineDraw
 .text.vexDisplayRectClear
                0x0380328c       0x4c c:\Users\_QuestionMark_\AppData\Roaming\Code\User\globalStorage\vexrobotics.vexcode\sdk\cpp\V5\V5_20240802_15_00_00/vexv5\libv5rt.a(v5_apijump.c.obj)
                0x0380328c                vexDisplayRectClear
 .text.vexDisplayTextReference
                0x038032d8       0x24 c:\Users\_QuestionMark_\AppData\Roaming\Code\User\globalStorage\vexrobotics.vexcode\sdk\cpp\V5\V5_20240802_15_00_00/vexv5\libv5rt.a(v5_apijump.c.obj)
                0x038032d8                vexDisplayTextReference
 .text.vexDisplayTextSize
                0x038032fc       0x2c c:\Users\_QuestionMark_\AppData\Roaming\Code\User\globalStorage\vexrobotics.vexcode\sdk\cpp\V5\V5_20240802_15_00_00/vexv5\libv5rt.a(v5_apijump.c.obj)
                0x038032fc                vexDisplayTextSize
 .text.vexDisplayFontNamedSet
                0x03803328       0x24 c:\Users\_QuestionMark_\AppData\Roaming\Code\User\globalStorage\vexrobotics.vexcode\sdk\cpp\V5\V5_20240802_15_00_00/vexv5\libv5rt.a(v5_apijump.c.obj)
                0x03803328                vexDisplayFontNamedSet
 .text.vexDisplayPenSizeGet
                0x0380334c       0x1c c:\Users\_QuestionMark_\AppData\Roaming\Code\User\globalStorage\vexrobotics.vexcode\sdk\cpp\V5\V5_20240802_15_00_00/vexv5\libv5rt.a(v5_apijump.c.obj)
                0x0380334c                vexDisplayPenSizeGet
 .text.vexSystemStdlibImpureDataAddr
                0x03803368       0x28 c:\Users\_QuestionMark_\AppData\Roaming\Code\User\globalStorage\vexrobotics.vexcode\sdk\cpp\V5\V5_20240802_15_00_00/vexv5\libv5rt.a(v5_apijump.c.obj)
                0x03803368                vexSystemStdlibImpureDataAddr
 .text.vexSystemStdlibImpureDataSize
                0x03803390       0x28 c:\Users\_QuestionMark_\AppData\Roaming\Code\User\globalStorage\vexrobotics.vexcode\sdk\cpp\V5\V5_20240802_15_00_00/vexv5\libv5rt.a(v5_apijump.c.obj)
                0x03803390                vexSystemStdlibImpureDataSize
 .text.vexSystemSaveUserData
                0x038033b8       0x3c c:\Users\_QuestionMark_\AppData\Roaming\Code\User\globalStorage\vexrobotics.vexcode\sdk\cpp\V5\V5_20240802_15_00_00/vexv5\libv5rt.a(v5_apijump.c.obj)
                0x038033b8                vexSystemSaveUserData
 .text.vexDisplayThemeIdGet
                0x038033f4       0x38 c:\Users\_QuestionMark_\AppData\Roaming\Code\User\globalStorage\vexrobotics.vexcode\sdk\cpp\V5\V5_20240802_15_00_00/vexv5\libv5rt.a(v5_apijump.c.obj)
                0x038033f4                vexDisplayThemeIdGet
 .text.vexBatteryCapacityGet
                0x0380342c       0x1c c:\Users\_QuestionMark_\AppData\Roaming\Code\User\globalStorage\vexrobotics.vexcode\sdk\cpp\V5\V5_20240802_15_00_00/vexv5\libv5rt.a(v5_apijump.c.obj)
                0x0380342c                vexBatteryCapacityGet
 .text.vexDeviceEventMaskSet
                0x03803448       0x48 c:\Users\_QuestionMark_\AppData\Roaming\Code\User\globalStorage\vexrobotics.vexcode\sdk\cpp\V5\V5_20240802_15_00_00/vexv5\libv5rt.a(v5_apijump.c.obj)
                0x03803448                vexDeviceEventMaskSet
 .text.vexDeviceEventMaskGet
                0x03803490       0x3c c:\Users\_QuestionMark_\AppData\Roaming\Code\User\globalStorage\vexrobotics.vexcode\sdk\cpp\V5\V5_20240802_15_00_00/vexv5\libv5rt.a(v5_apijump.c.obj)
                0x03803490                vexDeviceEventMaskGet
 .text.vexSystemVersion
                0x038034cc       0x10 c:\Users\_QuestionMark_\AppData\Roaming\Code\User\globalStorage\vexrobotics.vexcode\sdk\cpp\V5\V5_20240802_15_00_00/vexv5\libv5rt.a(v5_apiversions.c.obj)
                0x038034cc                vexSystemVersion
 .text.vexStdlibVersion
                0x038034dc       0x10 c:\Users\_QuestionMark_\AppData\Roaming\Code\User\globalStorage\vexrobotics.vexcode\sdk\cpp\V5\V5_20240802_15_00_00/vexv5\libv5rt.a(v5_apiversions.c.obj)
                0x038034dc                vexStdlibVersion
 *fill*         0x038034ec        0x4 
 .text._ZN3vex4waitEdNS_9timeUnitsE
                0x038034f0       0x30 c:\Users\_QuestionMark_\AppData\Roaming\Code\User\globalStorage\vexrobotics.vexcode\sdk\cpp\V5\V5_20240802_15_00_00/vexv5\libv5rt.a(vex_global.cpp.obj)
                0x038034f0                vex::wait(double, vex::timeUnits)
 .text._ZN3vex5motorD2Ev
                0x03803520       0x20 c:\Users\_QuestionMark_\AppData\Roaming\Code\User\globalStorage\vexrobotics.vexcode\sdk\cpp\V5\V5_20240802_15_00_00/vexv5\libv5rt.a(vex_motor.cpp.obj)
                0x03803520                vex::motor::~motor()
                0x03803520                vex::motor::~motor()
 .text._ZN3vex5motorD0Ev
                0x03803540       0x1c c:\Users\_QuestionMark_\AppData\Roaming\Code\User\globalStorage\vexrobotics.vexcode\sdk\cpp\V5\V5_20240802_15_00_00/vexv5\libv5rt.a(vex_motor.cpp.obj)
                0x03803540                vex::motor::~motor()
 .text._ZN3vex5motor9installedEv
                0x0380355c       0x18 c:\Users\_QuestionMark_\AppData\Roaming\Code\User\globalStorage\vexrobotics.vexcode\sdk\cpp\V5\V5_20240802_15_00_00/vexv5\libv5rt.a(vex_motor.cpp.obj)
                0x0380355c                vex::motor::installed()
 .text._ZN3vex5motor15defaultStoppingENS_9brakeTypeE
                0x03803574       0x30 c:\Users\_QuestionMark_\AppData\Roaming\Code\User\globalStorage\vexrobotics.vexcode\sdk\cpp\V5\V5_20240802_15_00_00/vexv5\libv5rt.a(vex_motor.cpp.obj)
                0x03803574                vex::motor::defaultStopping(vex::brakeType)
 .text._ZN3vex5motor11setStoppingENS_9brakeTypeE
                0x038035a4        0x4 c:\Users\_QuestionMark_\AppData\Roaming\Code\User\globalStorage\vexrobotics.vexcode\sdk\cpp\V5\V5_20240802_15_00_00/vexv5\libv5rt.a(vex_motor.cpp.obj)
                0x038035a4                vex::motor::setStopping(vex::brakeType)
 .text._ZN3vex5motorC2El
                0x038035a8       0x78 c:\Users\_QuestionMark_\AppData\Roaming\Code\User\globalStorage\vexrobotics.vexcode\sdk\cpp\V5\V5_20240802_15_00_00/vexv5\libv5rt.a(vex_motor.cpp.obj)
                0x038035a8                vex::motor::motor(long)
                0x038035a8                vex::motor::motor(long)
 .text._ZN3vex5motorC2ElNS_11gearSettingEb
                0x03803620       0x34 c:\Users\_QuestionMark_\AppData\Roaming\Code\User\globalStorage\vexrobotics.vexcode\sdk\cpp\V5\V5_20240802_15_00_00/vexv5\libv5rt.a(vex_motor.cpp.obj)
                0x03803620                vex::motor::motor(long, vex::gearSetting, bool)
                0x03803620                vex::motor::motor(long, vex::gearSetting, bool)
 .text._ZN3vex5motorC2Elb
                0x03803654       0x24 c:\Users\_QuestionMark_\AppData\Roaming\Code\User\globalStorage\vexrobotics.vexcode\sdk\cpp\V5\V5_20240802_15_00_00/vexv5\libv5rt.a(vex_motor.cpp.obj)
                0x03803654                vex::motor::motor(long, bool)
                0x03803654                vex::motor::motor(long, bool)
 .text._ZN3vex5motor4spinENS_13directionTypeEdNS_12voltageUnitsE
                0x03803678       0x50 c:\Users\_QuestionMark_\AppData\Roaming\Code\User\globalStorage\vexrobotics.vexcode\sdk\cpp\V5\V5_20240802_15_00_00/vexv5\libv5rt.a(vex_motor.cpp.obj)
                0x03803678                vex::motor::spin(vex::directionType, double, vex::voltageUnits)
 .text._ZN3vex5motor14isSpinningModeEv
                0x038036c8       0x48 c:\Users\_QuestionMark_\AppData\Roaming\Code\User\globalStorage\vexrobotics.vexcode\sdk\cpp\V5\V5_20240802_15_00_00/vexv5\libv5rt.a(vex_motor.cpp.obj)
                0x038036c8                vex::motor::isSpinningMode()
 .text._ZN3vex5motor10isSpinningEv
                0x03803710       0x44 c:\Users\_QuestionMark_\AppData\Roaming\Code\User\globalStorage\vexrobotics.vexcode\sdk\cpp\V5\V5_20240802_15_00_00/vexv5\libv5rt.a(vex_motor.cpp.obj)
                0x03803710                vex::motor::isSpinning()
 .text._ZN3vex5motor4stopENS_9brakeTypeE
                0x03803754       0x30 c:\Users\_QuestionMark_\AppData\Roaming\Code\User\globalStorage\vexrobotics.vexcode\sdk\cpp\V5\V5_20240802_15_00_00/vexv5\libv5rt.a(vex_motor.cpp.obj)
                0x03803754                vex::motor::stop(vex::brakeType)
 .text._ZN3vex5motor4stopEv
                0x03803784        0x8 c:\Users\_QuestionMark_\AppData\Roaming\Code\User\globalStorage\vexrobotics.vexcode\sdk\cpp\V5\V5_20240802_15_00_00/vexv5\libv5rt.a(vex_motor.cpp.obj)
                0x03803784                vex::motor::stop()
 .text._ZN3vex5motor16velocityToScaledEdNS_13velocityUnitsE
                0x0380378c       0x5c c:\Users\_QuestionMark_\AppData\Roaming\Code\User\globalStorage\vexrobotics.vexcode\sdk\cpp\V5\V5_20240802_15_00_00/vexv5\libv5rt.a(vex_motor.cpp.obj)
                0x0380378c                vex::motor::velocityToScaled(double, vex::velocityUnits)
 .text._ZN3vex5motor8velocityENS_13velocityUnitsE
                0x038037e8       0x30 c:\Users\_QuestionMark_\AppData\Roaming\Code\User\globalStorage\vexrobotics.vexcode\sdk\cpp\V5\V5_20240802_15_00_00/vexv5\libv5rt.a(vex_motor.cpp.obj)
                0x038037e8                vex::motor::velocity(vex::velocityUnits)
 .text._ZN3vex5motor5valueEv
                0x03803818       0x1c c:\Users\_QuestionMark_\AppData\Roaming\Code\User\globalStorage\vexrobotics.vexcode\sdk\cpp\V5\V5_20240802_15_00_00/vexv5\libv5rt.a(vex_motor.cpp.obj)
                0x03803818                vex::motor::value()
 .text._ZN3vex5motor16scaledToVelocityEdNS_13velocityUnitsE
                0x03803834       0xa4 c:\Users\_QuestionMark_\AppData\Roaming\Code\User\globalStorage\vexrobotics.vexcode\sdk\cpp\V5\V5_20240802_15_00_00/vexv5\libv5rt.a(vex_motor.cpp.obj)
                0x03803834                vex::motor::scaledToVelocity(double, vex::velocityUnits)
 .text._ZN3vex5motor4spinENS_13directionTypeEdNS_13velocityUnitsE
                0x038038d8       0x5c c:\Users\_QuestionMark_\AppData\Roaming\Code\User\globalStorage\vexrobotics.vexcode\sdk\cpp\V5\V5_20240802_15_00_00/vexv5\libv5rt.a(vex_motor.cpp.obj)
                0x038038d8                vex::motor::spin(vex::directionType, double, vex::velocityUnits)
 .text._ZN3vex5motor4spinENS_13directionTypeE
                0x03803934       0x28 c:\Users\_QuestionMark_\AppData\Roaming\Code\User\globalStorage\vexrobotics.vexcode\sdk\cpp\V5\V5_20240802_15_00_00/vexv5\libv5rt.a(vex_motor.cpp.obj)
                0x03803934                vex::motor::spin(vex::directionType)
 .text._ZN3vex5motor11setVelocityEdNS_13velocityUnitsE
                0x0380395c       0x54 c:\Users\_QuestionMark_\AppData\Roaming\Code\User\globalStorage\vexrobotics.vexcode\sdk\cpp\V5\V5_20240802_15_00_00/vexv5\libv5rt.a(vex_motor.cpp.obj)
                0x0380395c                vex::motor::setVelocity(double, vex::velocityUnits)
 .text._ZN3vex5motor16setRotationUnitsENS_13rotationUnitsE
                0x038039b0       0x1c c:\Users\_QuestionMark_\AppData\Roaming\Code\User\globalStorage\vexrobotics.vexcode\sdk\cpp\V5\V5_20240802_15_00_00/vexv5\libv5rt.a(vex_motor.cpp.obj)
                0x038039b0                vex::motor::setRotationUnits(vex::rotationUnits)
 .text._ZN3vex5motor7spinForEdNS_13rotationUnitsEdNS_13velocityUnitsEb
                0x038039cc       0xf4 c:\Users\_QuestionMark_\AppData\Roaming\Code\User\globalStorage\vexrobotics.vexcode\sdk\cpp\V5\V5_20240802_15_00_00/vexv5\libv5rt.a(vex_motor.cpp.obj)
                0x038039cc                vex::motor::spinFor(double, vex::rotationUnits, double, vex::velocityUnits, bool)
 .text._ZN3vex5motor7spinForENS_13directionTypeEdNS_13rotationUnitsEdNS_13velocityUnitsEb
                0x03803ac0       0x34 c:\Users\_QuestionMark_\AppData\Roaming\Code\User\globalStorage\vexrobotics.vexcode\sdk\cpp\V5\V5_20240802_15_00_00/vexv5\libv5rt.a(vex_motor.cpp.obj)
                0x03803ac0                vex::motor::spinFor(vex::directionType, double, vex::rotationUnits, double, vex::velocityUnits, bool)
 .text._ZN3vex5motor7spinForENS_13directionTypeEdNS_13rotationUnitsEb
                0x03803af4       0x3c c:\Users\_QuestionMark_\AppData\Roaming\Code\User\globalStorage\vexrobotics.vexcode\sdk\cpp\V5\V5_20240802_15_00_00/vexv5\libv5rt.a(vex_motor.cpp.obj)
                0x03803af4                vex::motor::spinFor(vex::directionType, double, vex::rotationUnits, bool)
 .text._ZN3vex5motor8positionENS_13rotationUnitsE
                0x03803b30       0x44 c:\Users\_QuestionMark_\AppData\Roaming\Code\User\globalStorage\vexrobotics.vexcode\sdk\cpp\V5\V5_20240802_15_00_00/vexv5\libv5rt.a(vex_motor.cpp.obj)
                0x03803b30                vex::motor::position(vex::rotationUnits)
 .text._ZN3vex8inertial11getTurnTypeEv
                0x03803b74        0x8 c:\Users\_QuestionMark_\AppData\Roaming\Code\User\globalStorage\vexrobotics.vexcode\sdk\cpp\V5\V5_20240802_15_00_00/vexv5\libv5rt.a(vex_imu.cpp.obj)
                0x03803b74                vex::inertial::getTurnType()
 .text._ZThn16_N3vex8inertial11getTurnTypeEv
                0x03803b7c        0x8 c:\Users\_QuestionMark_\AppData\Roaming\Code\User\globalStorage\vexrobotics.vexcode\sdk\cpp\V5\V5_20240802_15_00_00/vexv5\libv5rt.a(vex_imu.cpp.obj)
                0x03803b7c                non-virtual thunk to vex::inertial::getTurnType()
 *fill*         0x03803b84        0x4 
 .text._ZN3vex8inertial10setHeadingEdNS_13rotationUnitsE
                0x03803b88       0x58 c:\Users\_QuestionMark_\AppData\Roaming\Code\User\globalStorage\vexrobotics.vexcode\sdk\cpp\V5\V5_20240802_15_00_00/vexv5\libv5rt.a(vex_imu.cpp.obj)
                0x03803b88                vex::inertial::setHeading(double, vex::rotationUnits)
 .text._ZThn16_N3vex8inertial10setHeadingEdNS_13rotationUnitsE
                0x03803be0        0x8 c:\Users\_QuestionMark_\AppData\Roaming\Code\User\globalStorage\vexrobotics.vexcode\sdk\cpp\V5\V5_20240802_15_00_00/vexv5\libv5rt.a(vex_imu.cpp.obj)
                0x03803be0                non-virtual thunk to vex::inertial::setHeading(double, vex::rotationUnits)
 .text._ZN3vex8inertial11setRotationEdNS_13rotationUnitsE
                0x03803be8       0x58 c:\Users\_QuestionMark_\AppData\Roaming\Code\User\globalStorage\vexrobotics.vexcode\sdk\cpp\V5\V5_20240802_15_00_00/vexv5\libv5rt.a(vex_imu.cpp.obj)
                0x03803be8                vex::inertial::setRotation(double, vex::rotationUnits)
 .text._ZThn16_N3vex8inertial11setRotationEdNS_13rotationUnitsE
                0x03803c40        0x8 c:\Users\_QuestionMark_\AppData\Roaming\Code\User\globalStorage\vexrobotics.vexcode\sdk\cpp\V5\V5_20240802_15_00_00/vexv5\libv5rt.a(vex_imu.cpp.obj)
                0x03803c40                non-virtual thunk to vex::inertial::setRotation(double, vex::rotationUnits)
 .text._ZN3vex8inertialD2Ev
                0x03803c48       0x20 c:\Users\_QuestionMark_\AppData\Roaming\Code\User\globalStorage\vexrobotics.vexcode\sdk\cpp\V5\V5_20240802_15_00_00/vexv5\libv5rt.a(vex_imu.cpp.obj)
                0x03803c48                vex::inertial::~inertial()
                0x03803c48                vex::inertial::~inertial()
 .text._ZThn16_N3vex8inertialD1Ev
                0x03803c68        0x8 c:\Users\_QuestionMark_\AppData\Roaming\Code\User\globalStorage\vexrobotics.vexcode\sdk\cpp\V5\V5_20240802_15_00_00/vexv5\libv5rt.a(vex_imu.cpp.obj)
                0x03803c68                non-virtual thunk to vex::inertial::~inertial()
 .text._ZN3vex8inertialD0Ev
                0x03803c70       0x1c c:\Users\_QuestionMark_\AppData\Roaming\Code\User\globalStorage\vexrobotics.vexcode\sdk\cpp\V5\V5_20240802_15_00_00/vexv5\libv5rt.a(vex_imu.cpp.obj)
                0x03803c70                vex::inertial::~inertial()
 .text._ZThn16_N3vex8inertialD0Ev
                0x03803c8c        0x8 c:\Users\_QuestionMark_\AppData\Roaming\Code\User\globalStorage\vexrobotics.vexcode\sdk\cpp\V5\V5_20240802_15_00_00/vexv5\libv5rt.a(vex_imu.cpp.obj)
                0x03803c8c                non-virtual thunk to vex::inertial::~inertial()
 .text._ZN3vex8inertial9installedEv
                0x03803c94       0x18 c:\Users\_QuestionMark_\AppData\Roaming\Code\User\globalStorage\vexrobotics.vexcode\sdk\cpp\V5\V5_20240802_15_00_00/vexv5\libv5rt.a(vex_imu.cpp.obj)
                0x03803c94                vex::inertial::installed()
 .text._ZN3vex8inertial5angleENS_13rotationUnitsE
                0x03803cac       0x6c c:\Users\_QuestionMark_\AppData\Roaming\Code\User\globalStorage\vexrobotics.vexcode\sdk\cpp\V5\V5_20240802_15_00_00/vexv5\libv5rt.a(vex_imu.cpp.obj)
                0x03803cac                vex::inertial::angle(vex::rotationUnits)
 .text._ZThn16_N3vex8inertial5angleENS_13rotationUnitsE
                0x03803d18        0x8 c:\Users\_QuestionMark_\AppData\Roaming\Code\User\globalStorage\vexrobotics.vexcode\sdk\cpp\V5\V5_20240802_15_00_00/vexv5\libv5rt.a(vex_imu.cpp.obj)
                0x03803d18                non-virtual thunk to vex::inertial::angle(vex::rotationUnits)
 .text._ZN3vex8inertial7headingENS_13rotationUnitsE
                0x03803d20        0x4 c:\Users\_QuestionMark_\AppData\Roaming\Code\User\globalStorage\vexrobotics.vexcode\sdk\cpp\V5\V5_20240802_15_00_00/vexv5\libv5rt.a(vex_imu.cpp.obj)
                0x03803d20                vex::inertial::heading(vex::rotationUnits)
 .text._ZThn16_N3vex8inertial7headingENS_13rotationUnitsE
                0x03803d24        0x8 c:\Users\_QuestionMark_\AppData\Roaming\Code\User\globalStorage\vexrobotics.vexcode\sdk\cpp\V5\V5_20240802_15_00_00/vexv5\libv5rt.a(vex_imu.cpp.obj)
                0x03803d24                non-virtual thunk to vex::inertial::heading(vex::rotationUnits)
 .text._ZN3vex8inertial5valueEv
                0x03803d2c       0x1c c:\Users\_QuestionMark_\AppData\Roaming\Code\User\globalStorage\vexrobotics.vexcode\sdk\cpp\V5\V5_20240802_15_00_00/vexv5\libv5rt.a(vex_imu.cpp.obj)
                0x03803d2c                vex::inertial::value()
 .text._ZN3vex8inertial8rotationENS_13rotationUnitsE
                0x03803d48       0x48 c:\Users\_QuestionMark_\AppData\Roaming\Code\User\globalStorage\vexrobotics.vexcode\sdk\cpp\V5\V5_20240802_15_00_00/vexv5\libv5rt.a(vex_imu.cpp.obj)
                0x03803d48                vex::inertial::rotation(vex::rotationUnits)
 .text._ZThn16_N3vex8inertial8rotationENS_13rotationUnitsE
                0x03803d90        0x8 c:\Users\_QuestionMark_\AppData\Roaming\Code\User\globalStorage\vexrobotics.vexcode\sdk\cpp\V5\V5_20240802_15_00_00/vexv5\libv5rt.a(vex_imu.cpp.obj)
                0x03803d90                non-virtual thunk to vex::inertial::rotation(vex::rotationUnits)
 .text._ZN3vex8inertial13isCalibratingEv
                0x03803d98       0x38 c:\Users\_QuestionMark_\AppData\Roaming\Code\User\globalStorage\vexrobotics.vexcode\sdk\cpp\V5\V5_20240802_15_00_00/vexv5\libv5rt.a(vex_imu.cpp.obj)
                0x03803d98                vex::inertial::isCalibrating()
 .text._ZThn16_N3vex8inertial13isCalibratingEv
                0x03803dd0        0x8 c:\Users\_QuestionMark_\AppData\Roaming\Code\User\globalStorage\vexrobotics.vexcode\sdk\cpp\V5\V5_20240802_15_00_00/vexv5\libv5rt.a(vex_imu.cpp.obj)
                0x03803dd0                non-virtual thunk to vex::inertial::isCalibrating()
 .text._ZN3vex8inertialC2ElNS_8turnTypeE
                0x03803dd8       0x4c c:\Users\_QuestionMark_\AppData\Roaming\Code\User\globalStorage\vexrobotics.vexcode\sdk\cpp\V5\V5_20240802_15_00_00/vexv5\libv5rt.a(vex_imu.cpp.obj)
                0x03803dd8                vex::inertial::inertial(long, vex::turnType)
                0x03803dd8                vex::inertial::inertial(long, vex::turnType)
 .text._ZN3vex8inertial16startCalibrationEl
                0x03803e24       0x20 c:\Users\_QuestionMark_\AppData\Roaming\Code\User\globalStorage\vexrobotics.vexcode\sdk\cpp\V5\V5_20240802_15_00_00/vexv5\libv5rt.a(vex_imu.cpp.obj)
                0x03803e24                vex::inertial::startCalibration(long)
 .text._ZN3vex8inertial9calibrateEl
                0x03803e44        0xc c:\Users\_QuestionMark_\AppData\Roaming\Code\User\globalStorage\vexrobotics.vexcode\sdk\cpp\V5\V5_20240802_15_00_00/vexv5\libv5rt.a(vex_imu.cpp.obj)
                0x03803e44                vex::inertial::calibrate(long)
                0x03803e48                non-virtual thunk to vex::inertial::calibrate(long)
 .text._ZN3vex8rotationD2Ev
                0x03803e50       0x20 c:\Users\_QuestionMark_\AppData\Roaming\Code\User\globalStorage\vexrobotics.vexcode\sdk\cpp\V5\V5_20240802_15_00_00/vexv5\libv5rt.a(vex_rotation.cpp.obj)
                0x03803e50                vex::rotation::~rotation()
                0x03803e50                vex::rotation::~rotation()
 .text._ZN3vex8rotationD0Ev
                0x03803e70       0x1c c:\Users\_QuestionMark_\AppData\Roaming\Code\User\globalStorage\vexrobotics.vexcode\sdk\cpp\V5\V5_20240802_15_00_00/vexv5\libv5rt.a(vex_rotation.cpp.obj)
                0x03803e70                vex::rotation::~rotation()
 .text._ZN3vex8rotation9installedEv
                0x03803e8c       0x18 c:\Users\_QuestionMark_\AppData\Roaming\Code\User\globalStorage\vexrobotics.vexcode\sdk\cpp\V5\V5_20240802_15_00_00/vexv5\libv5rt.a(vex_rotation.cpp.obj)
                0x03803e8c                vex::rotation::installed()
 .text._ZN3vex8rotation5valueEv
                0x03803ea4        0x8 c:\Users\_QuestionMark_\AppData\Roaming\Code\User\globalStorage\vexrobotics.vexcode\sdk\cpp\V5\V5_20240802_15_00_00/vexv5\libv5rt.a(vex_rotation.cpp.obj)
                0x03803ea4                vex::rotation::value()
 .text._ZN3vex8rotationC2Elb
                0x03803eac       0x30 c:\Users\_QuestionMark_\AppData\Roaming\Code\User\globalStorage\vexrobotics.vexcode\sdk\cpp\V5\V5_20240802_15_00_00/vexv5\libv5rt.a(vex_rotation.cpp.obj)
                0x03803eac                vex::rotation::rotation(long, bool)
                0x03803eac                vex::rotation::rotation(long, bool)
 .text._ZN3vex8distanceD2Ev
                0x03803edc       0x20 c:\Users\_QuestionMark_\AppData\Roaming\Code\User\globalStorage\vexrobotics.vexcode\sdk\cpp\V5\V5_20240802_15_00_00/vexv5\libv5rt.a(vex_distance.cpp.obj)
                0x03803edc                vex::distance::~distance()
                0x03803edc                vex::distance::~distance()
 .text._ZN3vex8distanceD0Ev
                0x03803efc       0x1c c:\Users\_QuestionMark_\AppData\Roaming\Code\User\globalStorage\vexrobotics.vexcode\sdk\cpp\V5\V5_20240802_15_00_00/vexv5\libv5rt.a(vex_distance.cpp.obj)
                0x03803efc                vex::distance::~distance()
 .text._ZN3vex8distance9installedEv
                0x03803f18       0x18 c:\Users\_QuestionMark_\AppData\Roaming\Code\User\globalStorage\vexrobotics.vexcode\sdk\cpp\V5\V5_20240802_15_00_00/vexv5\libv5rt.a(vex_distance.cpp.obj)
                0x03803f18                vex::distance::installed()
 .text._ZN3vex8distance5valueEv
                0x03803f30        0x8 c:\Users\_QuestionMark_\AppData\Roaming\Code\User\globalStorage\vexrobotics.vexcode\sdk\cpp\V5\V5_20240802_15_00_00/vexv5\libv5rt.a(vex_distance.cpp.obj)
                0x03803f30                vex::distance::value()
 .text._ZN3vex8distanceC2El
                0x03803f38       0x20 c:\Users\_QuestionMark_\AppData\Roaming\Code\User\globalStorage\vexrobotics.vexcode\sdk\cpp\V5\V5_20240802_15_00_00/vexv5\libv5rt.a(vex_distance.cpp.obj)
                0x03803f38                vex::distance::distance(long)
                0x03803f38                vex::distance::distance(long)
 .text._ZN3vex8distance14objectDistanceENS_13distanceUnitsE
                0x03803f58       0x48 c:\Users\_QuestionMark_\AppData\Roaming\Code\User\globalStorage\vexrobotics.vexcode\sdk\cpp\V5\V5_20240802_15_00_00/vexv5\libv5rt.a(vex_distance.cpp.obj)
                0x03803f58                vex::distance::objectDistance(vex::distanceUnits)
 .text._ZN3vex10controllerD2Ev
                0x03803fa0        0x4 c:\Users\_QuestionMark_\AppData\Roaming\Code\User\globalStorage\vexrobotics.vexcode\sdk\cpp\V5\V5_20240802_15_00_00/vexv5\libv5rt.a(vex_controller.cpp.obj)
                0x03803fa0                vex::controller::~controller()
                0x03803fa0                vex::controller::~controller()
 .text._ZN3vex10controller5valueE19_V5_ControllerIndex
                0x03803fa4        0x8 c:\Users\_QuestionMark_\AppData\Roaming\Code\User\globalStorage\vexrobotics.vexcode\sdk\cpp\V5\V5_20240802_15_00_00/vexv5\libv5rt.a(vex_controller.cpp.obj)
                0x03803fa4                vex::controller::value(_V5_ControllerIndex)
 .text._ZNK3vex10controller6button8pressingEv
                0x03803fac       0xc8 c:\Users\_QuestionMark_\AppData\Roaming\Code\User\globalStorage\vexrobotics.vexcode\sdk\cpp\V5\V5_20240802_15_00_00/vexv5\libv5rt.a(vex_controller.cpp.obj)
                0x03803fac                vex::controller::button::pressing() const
 .text._ZNK3vex10controller6button21_buttonToPressedEventEv
                0x03804074       0x20 c:\Users\_QuestionMark_\AppData\Roaming\Code\User\globalStorage\vexrobotics.vexcode\sdk\cpp\V5\V5_20240802_15_00_00/vexv5\libv5rt.a(vex_controller.cpp.obj)
                0x03804074                vex::controller::button::_buttonToPressedEvent() const
 .text._ZNK3vex10controller6button22_buttonToReleasedEventEv
                0x03804094       0x20 c:\Users\_QuestionMark_\AppData\Roaming\Code\User\globalStorage\vexrobotics.vexcode\sdk\cpp\V5\V5_20240802_15_00_00/vexv5\libv5rt.a(vex_controller.cpp.obj)
                0x03804094                vex::controller::button::_buttonToReleasedEvent() const
 .text._ZN3vex10controller6buttonC2ENS0_11tButtonTypeEPS0_
                0x038040b4       0x48 c:\Users\_QuestionMark_\AppData\Roaming\Code\User\globalStorage\vexrobotics.vexcode\sdk\cpp\V5\V5_20240802_15_00_00/vexv5\libv5rt.a(vex_controller.cpp.obj)
                0x038040b4                vex::controller::button::button(vex::controller::tButtonType, vex::controller*)
                0x038040b4                vex::controller::button::button(vex::controller::tButtonType, vex::controller*)
 .text._ZNK3vex10controller4axis5valueEv
                0x038040fc       0x58 c:\Users\_QuestionMark_\AppData\Roaming\Code\User\globalStorage\vexrobotics.vexcode\sdk\cpp\V5\V5_20240802_15_00_00/vexv5\libv5rt.a(vex_controller.cpp.obj)
                0x038040fc                vex::controller::axis::value() const
 .text._ZNK3vex10controller4axis8positionENS_12percentUnitsE
                0x03804154       0x1c c:\Users\_QuestionMark_\AppData\Roaming\Code\User\globalStorage\vexrobotics.vexcode\sdk\cpp\V5\V5_20240802_15_00_00/vexv5\libv5rt.a(vex_controller.cpp.obj)
                0x03804154                vex::controller::axis::position(vex::percentUnits) const
 .text._ZNK3vex10controller4axis23_joystickToChangedEventEv
                0x03804170       0x20 c:\Users\_QuestionMark_\AppData\Roaming\Code\User\globalStorage\vexrobotics.vexcode\sdk\cpp\V5\V5_20240802_15_00_00/vexv5\libv5rt.a(vex_controller.cpp.obj)
                0x03804170                vex::controller::axis::_joystickToChangedEvent() const
 .text._ZN3vex10controller4axisC2ENS0_9tAxisTypeEPS0_
                0x03804190       0x2c c:\Users\_QuestionMark_\AppData\Roaming\Code\User\globalStorage\vexrobotics.vexcode\sdk\cpp\V5\V5_20240802_15_00_00/vexv5\libv5rt.a(vex_controller.cpp.obj)
                0x03804190                vex::controller::axis::axis(vex::controller::tAxisType, vex::controller*)
                0x03804190                vex::controller::axis::axis(vex::controller::tAxisType, vex::controller*)
 .text._ZN3vex10controllerC2ENS_14controllerTypeE
                0x038041bc      0x16c c:\Users\_QuestionMark_\AppData\Roaming\Code\User\globalStorage\vexrobotics.vexcode\sdk\cpp\V5\V5_20240802_15_00_00/vexv5\libv5rt.a(vex_controller.cpp.obj)
                0x038041bc                vex::controller::controller(vex::controllerType)
                0x038041bc                vex::controller::controller(vex::controllerType)
 .text._ZN3vex10controller3lcd15getControllerIdEv
                0x03804328       0x10 c:\Users\_QuestionMark_\AppData\Roaming\Code\User\globalStorage\vexrobotics.vexcode\sdk\cpp\V5\V5_20240802_15_00_00/vexv5\libv5rt.a(vex_controller.cpp.obj)
                0x03804328                vex::controller::lcd::getControllerId()
 .text._ZN3vex10controller3lcd9setCursorEll
                0x03804338       0x40 c:\Users\_QuestionMark_\AppData\Roaming\Code\User\globalStorage\vexrobotics.vexcode\sdk\cpp\V5\V5_20240802_15_00_00/vexv5\libv5rt.a(vex_controller.cpp.obj)
                0x03804338                vex::controller::lcd::setCursor(long, long)
 .text._ZN3vex10controller3lcd5printEPKcz
                0x03804378       0x80 c:\Users\_QuestionMark_\AppData\Roaming\Code\User\globalStorage\vexrobotics.vexcode\sdk\cpp\V5\V5_20240802_15_00_00/vexv5\libv5rt.a(vex_controller.cpp.obj)
                0x03804378                vex::controller::lcd::print(char const*, ...)
 .text._ZN3vex10controller3lcd9clearLineEi
                0x038043f8       0x80 c:\Users\_QuestionMark_\AppData\Roaming\Code\User\globalStorage\vexrobotics.vexcode\sdk\cpp\V5\V5_20240802_15_00_00/vexv5\libv5rt.a(vex_controller.cpp.obj)
                0x038043f8                vex::controller::lcd::clearLine(int)
 .text._ZN3vex10controller3lcd11clearScreenEv
                0x03804478       0x5c c:\Users\_QuestionMark_\AppData\Roaming\Code\User\globalStorage\vexrobotics.vexcode\sdk\cpp\V5\V5_20240802_15_00_00/vexv5\libv5rt.a(vex_controller.cpp.obj)
                0x03804478                vex::controller::lcd::clearScreen()
 .text._ZN3vex4taskC2EPFivE
                0x038044d4       0x5c c:\Users\_QuestionMark_\AppData\Roaming\Code\User\globalStorage\vexrobotics.vexcode\sdk\cpp\V5\V5_20240802_15_00_00/vexv5\libv5rt.a(vex_task.cpp.obj)
                0x038044d4                vex::task::task(int (*)())
                0x038044d4                vex::task::task(int (*)())
 .text._ZN3vex4taskD2Ev
                0x03804530        0x4 c:\Users\_QuestionMark_\AppData\Roaming\Code\User\globalStorage\vexrobotics.vexcode\sdk\cpp\V5\V5_20240802_15_00_00/vexv5\libv5rt.a(vex_task.cpp.obj)
                0x03804530                vex::task::~task()
                0x03804530                vex::task::~task()
 .text._ZN3vex4task4stopEPvi
                0x03804534       0x1c c:\Users\_QuestionMark_\AppData\Roaming\Code\User\globalStorage\vexrobotics.vexcode\sdk\cpp\V5\V5_20240802_15_00_00/vexv5\libv5rt.a(vex_task.cpp.obj)
                0x03804534                vex::task::stop(void*, int)
 .text._ZN3vex4task5sleepEm
                0x03804550        0x4 c:\Users\_QuestionMark_\AppData\Roaming\Code\User\globalStorage\vexrobotics.vexcode\sdk\cpp\V5\V5_20240802_15_00_00/vexv5\libv5rt.a(vex_task.cpp.obj)
                0x03804550                vex::task::sleep(unsigned long)
 .text._ZN3vex4task6_indexEPFivE
                0x03804554       0x14 c:\Users\_QuestionMark_\AppData\Roaming\Code\User\globalStorage\vexrobotics.vexcode\sdk\cpp\V5\V5_20240802_15_00_00/vexv5\libv5rt.a(vex_task.cpp.obj)
                0x03804554                vex::task::_index(int (*)())
 .text._ZN3vex4task8_stopAllEv
                0x03804568       0x3c c:\Users\_QuestionMark_\AppData\Roaming\Code\User\globalStorage\vexrobotics.vexcode\sdk\cpp\V5\V5_20240802_15_00_00/vexv5\libv5rt.a(vex_task.cpp.obj)
                0x03804568                vex::task::_stopAll()
 .text._ZN3vex11this_thread9sleep_forEm
                0x038045a4        0x4 c:\Users\_QuestionMark_\AppData\Roaming\Code\User\globalStorage\vexrobotics.vexcode\sdk\cpp\V5\V5_20240802_15_00_00/vexv5\libv5rt.a(vex_thread.cpp.obj)
                0x038045a4                vex::this_thread::sleep_for(unsigned long)
 .text._ZN3vex5event4initEmmPFvvE
                0x038045a8        0x4 c:\Users\_QuestionMark_\AppData\Roaming\Code\User\globalStorage\vexrobotics.vexcode\sdk\cpp\V5\V5_20240802_15_00_00/vexv5\libv5rt.a(vex_event.cpp.obj)
                0x038045a8                vex::event::init(unsigned long, unsigned long, void (*)())
 .text._ZN3vex5event4initEmmPFvPvES1_
                0x038045ac        0x4 c:\Users\_QuestionMark_\AppData\Roaming\Code\User\globalStorage\vexrobotics.vexcode\sdk\cpp\V5\V5_20240802_15_00_00/vexv5\libv5rt.a(vex_event.cpp.obj)
                0x038045ac                vex::event::init(unsigned long, unsigned long, void (*)(void*), void*)
 .text._ZN3vex5event9userindexEv
                0x038045b0        0x4 c:\Users\_QuestionMark_\AppData\Roaming\Code\User\globalStorage\vexrobotics.vexcode\sdk\cpp\V5\V5_20240802_15_00_00/vexv5\libv5rt.a(vex_event.cpp.obj)
                0x038045b0                vex::event::userindex()
 .text._ZZN3vex6meventC4EmmENUlvE_4_FUNEv
                0x038045b4        0x4 c:\Users\_QuestionMark_\AppData\Roaming\Code\User\globalStorage\vexrobotics.vexcode\sdk\cpp\V5\V5_20240802_15_00_00/vexv5\libv5rt.a(vex_mevent.cpp.obj)
 .text._ZN3vex6meventC2Emm
                0x038045b8       0x70 c:\Users\_QuestionMark_\AppData\Roaming\Code\User\globalStorage\vexrobotics.vexcode\sdk\cpp\V5\V5_20240802_15_00_00/vexv5\libv5rt.a(vex_mevent.cpp.obj)
                0x038045b8                vex::mevent::mevent(unsigned long, unsigned long)
                0x038045b8                vex::mevent::mevent(unsigned long, unsigned long)
 .text._ZN3vex5brain9_getIndexEv
                0x03804628       0x10 c:\Users\_QuestionMark_\AppData\Roaming\Code\User\globalStorage\vexrobotics.vexcode\sdk\cpp\V5\V5_20240802_15_00_00/vexv5\libv5rt.a(vex_brain.cpp.obj)
                0x03804628                vex::brain::_getIndex()
 .text._ZN3vex5brain5timerENS_9timeUnitsE
                0x03804638        0x8 c:\Users\_QuestionMark_\AppData\Roaming\Code\User\globalStorage\vexrobotics.vexcode\sdk\cpp\V5\V5_20240802_15_00_00/vexv5\libv5rt.a(vex_brain.cpp.obj)
                0x03804638                vex::brain::timer(vex::timeUnits)
 .text._ZN3vex5brain3lcd9setCursorEll
                0x03804640       0x44 c:\Users\_QuestionMark_\AppData\Roaming\Code\User\globalStorage\vexrobotics.vexcode\sdk\cpp\V5\V5_20240802_15_00_00/vexv5\libv5rt.a(vex_brain.cpp.obj)
                0x03804640                vex::brain::lcd::setCursor(long, long)
 .text._ZN3vex5brain3lcd7setFontENS_8fontTypeE
                0x03804684      0x23c c:\Users\_QuestionMark_\AppData\Roaming\Code\User\globalStorage\vexrobotics.vexcode\sdk\cpp\V5\V5_20240802_15_00_00/vexv5\libv5rt.a(vex_brain.cpp.obj)
                0x03804684                vex::brain::lcd::setFont(vex::fontType)
 .text._ZN3vex5brain3lcdC2Ev
                0x038048c0       0x94 c:\Users\_QuestionMark_\AppData\Roaming\Code\User\globalStorage\vexrobotics.vexcode\sdk\cpp\V5\V5_20240802_15_00_00/vexv5\libv5rt.a(vex_brain.cpp.obj)
                0x038048c0                vex::brain::lcd::lcd()
                0x038048c0                vex::brain::lcd::lcd()
 .text._ZN3vex5brainC2Ev
                0x03804954       0x3c c:\Users\_QuestionMark_\AppData\Roaming\Code\User\globalStorage\vexrobotics.vexcode\sdk\cpp\V5\V5_20240802_15_00_00/vexv5\libv5rt.a(vex_brain.cpp.obj)
                0x03804954                vex::brain::brain()
                0x03804954                vex::brain::brain()
 .text._ZN3vex5brain3lcd11setPenColorERKNS_5colorE
                0x03804990       0x14 c:\Users\_QuestionMark_\AppData\Roaming\Code\User\globalStorage\vexrobotics.vexcode\sdk\cpp\V5\V5_20240802_15_00_00/vexv5\libv5rt.a(vex_brain.cpp.obj)
                0x03804990                vex::brain::lcd::setPenColor(vex::color const&)
 .text._ZN3vex5brain3lcd12_clearScreenEm
                0x038049a4       0x38 c:\Users\_QuestionMark_\AppData\Roaming\Code\User\globalStorage\vexrobotics.vexcode\sdk\cpp\V5\V5_20240802_15_00_00/vexv5\libv5rt.a(vex_brain.cpp.obj)
                0x038049a4                vex::brain::lcd::_clearScreen(unsigned long)
 .text._ZN3vex5brain3lcd11clearScreenERKNS_5colorE
                0x038049dc       0x20 c:\Users\_QuestionMark_\AppData\Roaming\Code\User\globalStorage\vexrobotics.vexcode\sdk\cpp\V5\V5_20240802_15_00_00/vexv5\libv5rt.a(vex_brain.cpp.obj)
                0x038049dc                vex::brain::lcd::clearScreen(vex::color const&)
 .text._ZN3vex5brain3lcd9drawPixelEii
                0x038049fc       0x14 c:\Users\_QuestionMark_\AppData\Roaming\Code\User\globalStorage\vexrobotics.vexcode\sdk\cpp\V5\V5_20240802_15_00_00/vexv5\libv5rt.a(vex_brain.cpp.obj)
                0x038049fc                vex::brain::lcd::drawPixel(int, int)
 .text._ZN3vex5brain3lcd8drawLineEiiii
                0x03804a10      0x2c4 c:\Users\_QuestionMark_\AppData\Roaming\Code\User\globalStorage\vexrobotics.vexcode\sdk\cpp\V5\V5_20240802_15_00_00/vexv5\libv5rt.a(vex_brain.cpp.obj)
                0x03804a10                vex::brain::lcd::drawLine(int, int, int, int)
 .text._ZN3vex5brain7battery8capacityENS_12percentUnitsE
                0x03804cd4       0x18 c:\Users\_QuestionMark_\AppData\Roaming\Code\User\globalStorage\vexrobotics.vexcode\sdk\cpp\V5\V5_20240802_15_00_00/vexv5\libv5rt.a(vex_brain.cpp.obj)
                0x03804cd4                vex::brain::battery::capacity(vex::percentUnits)
 .text._ZN3vex5brainD2Ev
                0x03804cec       0x20 c:\Users\_QuestionMark_\AppData\Roaming\Code\User\globalStorage\vexrobotics.vexcode\sdk\cpp\V5\V5_20240802_15_00_00/vexv5\libv5rt.a(vex_brain.cpp.obj)
                0x03804cec                vex::brain::~brain()
                0x03804cec                vex::brain::~brain()
 .text._ZN3vex11competition8_disableEPv
                0x03804d0c       0xa4 c:\Users\_QuestionMark_\AppData\Roaming\Code\User\globalStorage\vexrobotics.vexcode\sdk\cpp\V5\V5_20240802_15_00_00/vexv5\libv5rt.a(vex_competition.cpp.obj)
                0x03804d0c                vex::competition::_disable(void*)
 .text._ZN3vex11competition11_autonomousEv
                0x03804db0       0x80 c:\Users\_QuestionMark_\AppData\Roaming\Code\User\globalStorage\vexrobotics.vexcode\sdk\cpp\V5\V5_20240802_15_00_00/vexv5\libv5rt.a(vex_competition.cpp.obj)
                0x03804db0                vex::competition::_autonomous()
 .text._ZN3vex11competition14_drivercontrolEv
                0x03804e30       0x80 c:\Users\_QuestionMark_\AppData\Roaming\Code\User\globalStorage\vexrobotics.vexcode\sdk\cpp\V5\V5_20240802_15_00_00/vexv5\libv5rt.a(vex_competition.cpp.obj)
                0x03804e30                vex::competition::_drivercontrol()
 .text._ZN3vex11competitionC2Ev
                0x03804eb0      0x13c c:\Users\_QuestionMark_\AppData\Roaming\Code\User\globalStorage\vexrobotics.vexcode\sdk\cpp\V5\V5_20240802_15_00_00/vexv5\libv5rt.a(vex_competition.cpp.obj)
                0x03804eb0                vex::competition::competition()
                0x03804eb0                vex::competition::competition()
 .text._ZN3vex11competitionD2Ev
                0x03804fec        0x4 c:\Users\_QuestionMark_\AppData\Roaming\Code\User\globalStorage\vexrobotics.vexcode\sdk\cpp\V5\V5_20240802_15_00_00/vexv5\libv5rt.a(vex_competition.cpp.obj)
                0x03804fec                vex::competition::~competition()
                0x03804fec                vex::competition::~competition()
 .text._ZN3vex11competition10autonomousEPFvvE
                0x03804ff0       0x44 c:\Users\_QuestionMark_\AppData\Roaming\Code\User\globalStorage\vexrobotics.vexcode\sdk\cpp\V5\V5_20240802_15_00_00/vexv5\libv5rt.a(vex_competition.cpp.obj)
                0x03804ff0                vex::competition::autonomous(void (*)())
 .text._ZN3vex11competition13drivercontrolEPFvvE
                0x03805034       0x44 c:\Users\_QuestionMark_\AppData\Roaming\Code\User\globalStorage\vexrobotics.vexcode\sdk\cpp\V5\V5_20240802_15_00_00/vexv5\libv5rt.a(vex_competition.cpp.obj)
                0x03805034                vex::competition::drivercontrol(void (*)())
 .text._ZN3vex7triportD2Ev
                0x03805078       0x38 c:\Users\_QuestionMark_\AppData\Roaming\Code\User\globalStorage\vexrobotics.vexcode\sdk\cpp\V5\V5_20240802_15_00_00/vexv5\libv5rt.a(vex_triport.cpp.obj)
                0x03805078                vex::triport::~triport()
                0x03805078                vex::triport::~triport()
 .text._ZN3vex7triportD0Ev
                0x038050b0       0x1c c:\Users\_QuestionMark_\AppData\Roaming\Code\User\globalStorage\vexrobotics.vexcode\sdk\cpp\V5\V5_20240802_15_00_00/vexv5\libv5rt.a(vex_triport.cpp.obj)
                0x038050b0                vex::triport::~triport()
 .text._ZN3vex7triport9installedEv
                0x038050cc       0x18 c:\Users\_QuestionMark_\AppData\Roaming\Code\User\globalStorage\vexrobotics.vexcode\sdk\cpp\V5\V5_20240802_15_00_00/vexv5\libv5rt.a(vex_triport.cpp.obj)
                0x038050cc                vex::triport::installed()
 .text._ZN3vex7triport4portC2ElPS0_
                0x038050e4       0x74 c:\Users\_QuestionMark_\AppData\Roaming\Code\User\globalStorage\vexrobotics.vexcode\sdk\cpp\V5\V5_20240802_15_00_00/vexv5\libv5rt.a(vex_triport.cpp.obj)
                0x038050e4                vex::triport::port::port(long, vex::triport*)
                0x038050e4                vex::triport::port::port(long, vex::triport*)
 .text._ZN3vex7triportC2El
                0x03805158       0xf0 c:\Users\_QuestionMark_\AppData\Roaming\Code\User\globalStorage\vexrobotics.vexcode\sdk\cpp\V5\V5_20240802_15_00_00/vexv5\libv5rt.a(vex_triport.cpp.obj)
                0x03805158                vex::triport::triport(long)
                0x03805158                vex::triport::triport(long)
 .text._ZN3vex7triport4port4typeENS_11triportTypeE
                0x03805248       0x30 c:\Users\_QuestionMark_\AppData\Roaming\Code\User\globalStorage\vexrobotics.vexcode\sdk\cpp\V5\V5_20240802_15_00_00/vexv5\libv5rt.a(vex_triport.cpp.obj)
                0x03805248                vex::triport::port::type(vex::triportType)
 .text._ZN3vex7triport4port4typeEv
                0x03805278       0x38 c:\Users\_QuestionMark_\AppData\Roaming\Code\User\globalStorage\vexrobotics.vexcode\sdk\cpp\V5\V5_20240802_15_00_00/vexv5\libv5rt.a(vex_triport.cpp.obj)
                0x03805278                vex::triport::port::type()
 .text._ZN3vex7triport4port5valueEv
                0x038052b0       0x14 c:\Users\_QuestionMark_\AppData\Roaming\Code\User\globalStorage\vexrobotics.vexcode\sdk\cpp\V5\V5_20240802_15_00_00/vexv5\libv5rt.a(vex_triport.cpp.obj)
                0x038052b0                vex::triport::port::value()
 .text._ZN3vex7triport4port5valueEl
                0x038052c4       0x18 c:\Users\_QuestionMark_\AppData\Roaming\Code\User\globalStorage\vexrobotics.vexcode\sdk\cpp\V5\V5_20240802_15_00_00/vexv5\libv5rt.a(vex_triport.cpp.obj)
                0x038052c4                vex::triport::port::value(long)
 .text._ZN3vex11__trideviceC2ERNS_7triport4portENS_11triportTypeE
                0x038052dc       0x5c c:\Users\_QuestionMark_\AppData\Roaming\Code\User\globalStorage\vexrobotics.vexcode\sdk\cpp\V5\V5_20240802_15_00_00/vexv5\libv5rt.a(vex_triport.cpp.obj)
                0x038052dc                vex::__tridevice::__tridevice(vex::triport::port&, vex::triportType)
                0x038052dc                vex::__tridevice::__tridevice(vex::triport::port&, vex::triportType)
 .text._ZN3vex11digital_outC2ERNS_7triport4portE
                0x03805338       0x18 c:\Users\_QuestionMark_\AppData\Roaming\Code\User\globalStorage\vexrobotics.vexcode\sdk\cpp\V5\V5_20240802_15_00_00/vexv5\libv5rt.a(vex_triport.cpp.obj)
                0x03805338                vex::digital_out::digital_out(vex::triport::port&)
                0x03805338                vex::digital_out::digital_out(vex::triport::port&)
 .text._ZN3vex11digital_outD2Ev
                0x03805350        0x4 c:\Users\_QuestionMark_\AppData\Roaming\Code\User\globalStorage\vexrobotics.vexcode\sdk\cpp\V5\V5_20240802_15_00_00/vexv5\libv5rt.a(vex_triport.cpp.obj)
                0x03805350                vex::digital_out::~digital_out()
                0x03805350                vex::digital_out::~digital_out()
 .text._ZN3vex11digital_out3setEb
                0x03805354        0x8 c:\Users\_QuestionMark_\AppData\Roaming\Code\User\globalStorage\vexrobotics.vexcode\sdk\cpp\V5\V5_20240802_15_00_00/vexv5\libv5rt.a(vex_triport.cpp.obj)
                0x03805354                vex::digital_out::set(bool)
 .text._ZN3vex11digital_outcvbEv
                0x0380535c       0x1c c:\Users\_QuestionMark_\AppData\Roaming\Code\User\globalStorage\vexrobotics.vexcode\sdk\cpp\V5\V5_20240802_15_00_00/vexv5\libv5rt.a(vex_triport.cpp.obj)
                0x0380535c                vex::digital_out::operator bool()
 .text._ZN3vex11digital_outaSEl
                0x03805378        0xc c:\Users\_QuestionMark_\AppData\Roaming\Code\User\globalStorage\vexrobotics.vexcode\sdk\cpp\V5\V5_20240802_15_00_00/vexv5\libv5rt.a(vex_triport.cpp.obj)
                0x03805378                vex::digital_out::operator=(long)
 .text._ZN3vex5colorD2Ev
                0x03805384        0x4 c:\Users\_QuestionMark_\AppData\Roaming\Code\User\globalStorage\vexrobotics.vexcode\sdk\cpp\V5\V5_20240802_15_00_00/vexv5\libv5rt.a(vex_color.cpp.obj)
                0x03805384                vex::color::~color()
                0x03805384                vex::color::~color()
 .text._ZNK3vex5colorcvmEv
                0x03805388        0x8 c:\Users\_QuestionMark_\AppData\Roaming\Code\User\globalStorage\vexrobotics.vexcode\sdk\cpp\V5\V5_20240802_15_00_00/vexv5\libv5rt.a(vex_color.cpp.obj)
                0x03805388                vex::color::operator unsigned long() const
 .text.startup._GLOBAL__sub_I__ZN3vex5color5blackE
                0x03805390      0x164 c:\Users\_QuestionMark_\AppData\Roaming\Code\User\globalStorage\vexrobotics.vexcode\sdk\cpp\V5\V5_20240802_15_00_00/vexv5\libv5rt.a(vex_color.cpp.obj)
 .text._ZN3vex5timerD2Ev
                0x038054f4        0x4 c:\Users\_QuestionMark_\AppData\Roaming\Code\User\globalStorage\vexrobotics.vexcode\sdk\cpp\V5\V5_20240802_15_00_00/vexv5\libv5rt.a(vex_timer.cpp.obj)
                0x038054f4                vex::timer::~timer()
                0x038054f4                vex::timer::~timer()
 .text._ZN3vex5timer5clearEv
                0x038054f8       0x1c c:\Users\_QuestionMark_\AppData\Roaming\Code\User\globalStorage\vexrobotics.vexcode\sdk\cpp\V5\V5_20240802_15_00_00/vexv5\libv5rt.a(vex_timer.cpp.obj)
                0x038054f8                vex::timer::clear()
 .text._ZN3vex5timerC2Ev
                0x03805514       0x14 c:\Users\_QuestionMark_\AppData\Roaming\Code\User\globalStorage\vexrobotics.vexcode\sdk\cpp\V5\V5_20240802_15_00_00/vexv5\libv5rt.a(vex_timer.cpp.obj)
                0x03805514                vex::timer::timer()
                0x03805514                vex::timer::timer()
 .text._ZNK3vex5timer4timeENS_9timeUnitsE
                0x03805528       0x40 c:\Users\_QuestionMark_\AppData\Roaming\Code\User\globalStorage\vexrobotics.vexcode\sdk\cpp\V5\V5_20240802_15_00_00/vexv5\libv5rt.a(vex_timer.cpp.obj)
                0x03805528                vex::timer::time(vex::timeUnits) const
 .text._ZN3vex11motor_group18motor_group_motorsC2Ev
                0x03805568       0x28 c:\Users\_QuestionMark_\AppData\Roaming\Code\User\globalStorage\vexrobotics.vexcode\sdk\cpp\V5\V5_20240802_15_00_00/vexv5\libv5rt.a(vex_motorgroup.cpp.obj)
                0x03805568                vex::motor_group::motor_group_motors::motor_group_motors()
                0x03805568                vex::motor_group::motor_group_motors::motor_group_motors()
 .text._ZN3vex11motor_group18motor_group_motorsC2ERKS1_
                0x03805590       0x20 c:\Users\_QuestionMark_\AppData\Roaming\Code\User\globalStorage\vexrobotics.vexcode\sdk\cpp\V5\V5_20240802_15_00_00/vexv5\libv5rt.a(vex_motorgroup.cpp.obj)
                0x03805590                vex::motor_group::motor_group_motors::motor_group_motors(vex::motor_group::motor_group_motors const&)
                0x03805590                vex::motor_group::motor_group_motors::motor_group_motors(vex::motor_group::motor_group_motors const&)
 .text._ZN3vex11motor_groupC2Ev
                0x038055b0       0x1c c:\Users\_QuestionMark_\AppData\Roaming\Code\User\globalStorage\vexrobotics.vexcode\sdk\cpp\V5\V5_20240802_15_00_00/vexv5\libv5rt.a(vex_motorgroup.cpp.obj)
                0x038055b0                vex::motor_group::motor_group()
                0x038055b0                vex::motor_group::motor_group()
 .text._ZN3vex11motor_groupD2Ev
                0x038055cc        0x4 c:\Users\_QuestionMark_\AppData\Roaming\Code\User\globalStorage\vexrobotics.vexcode\sdk\cpp\V5\V5_20240802_15_00_00/vexv5\libv5rt.a(vex_motorgroup.cpp.obj)
                0x038055cc                vex::motor_group::~motor_group()
                0x038055cc                vex::motor_group::~motor_group()
 .text._ZN3vex11motor_group9_addMotorERNS_5motorE
                0x038055d0       0x20 c:\Users\_QuestionMark_\AppData\Roaming\Code\User\globalStorage\vexrobotics.vexcode\sdk\cpp\V5\V5_20240802_15_00_00/vexv5\libv5rt.a(vex_motorgroup.cpp.obj)
                0x038055d0                vex::motor_group::_addMotor(vex::motor&)
 .text._ZN3vex11motor_group11setVelocityEdNS_13velocityUnitsE
                0x038055f0       0x4c c:\Users\_QuestionMark_\AppData\Roaming\Code\User\globalStorage\vexrobotics.vexcode\sdk\cpp\V5\V5_20240802_15_00_00/vexv5\libv5rt.a(vex_motorgroup.cpp.obj)
                0x038055f0                vex::motor_group::setVelocity(double, vex::velocityUnits)
 .text._ZN3vex11motor_group11setStoppingENS_9brakeTypeE
                0x0380563c       0x38 c:\Users\_QuestionMark_\AppData\Roaming\Code\User\globalStorage\vexrobotics.vexcode\sdk\cpp\V5\V5_20240802_15_00_00/vexv5\libv5rt.a(vex_motorgroup.cpp.obj)
                0x0380563c                vex::motor_group::setStopping(vex::brakeType)
 .text._ZN3vex11motor_group4spinENS_13directionTypeE
                0x03805674       0x38 c:\Users\_QuestionMark_\AppData\Roaming\Code\User\globalStorage\vexrobotics.vexcode\sdk\cpp\V5\V5_20240802_15_00_00/vexv5\libv5rt.a(vex_motorgroup.cpp.obj)
                0x03805674                vex::motor_group::spin(vex::directionType)
 .text._ZN3vex11motor_group4spinENS_13directionTypeEdNS_13velocityUnitsE
                0x038056ac       0x54 c:\Users\_QuestionMark_\AppData\Roaming\Code\User\globalStorage\vexrobotics.vexcode\sdk\cpp\V5\V5_20240802_15_00_00/vexv5\libv5rt.a(vex_motorgroup.cpp.obj)
                0x038056ac                vex::motor_group::spin(vex::directionType, double, vex::velocityUnits)
 .text._ZN3vex11motor_group4spinENS_13directionTypeEdNS_12voltageUnitsE
                0x03805700       0x54 c:\Users\_QuestionMark_\AppData\Roaming\Code\User\globalStorage\vexrobotics.vexcode\sdk\cpp\V5\V5_20240802_15_00_00/vexv5\libv5rt.a(vex_motorgroup.cpp.obj)
                0x03805700                vex::motor_group::spin(vex::directionType, double, vex::voltageUnits)
 .text._ZN3vex11motor_group10isSpinningEv
                0x03805754       0x40 c:\Users\_QuestionMark_\AppData\Roaming\Code\User\globalStorage\vexrobotics.vexcode\sdk\cpp\V5\V5_20240802_15_00_00/vexv5\libv5rt.a(vex_motorgroup.cpp.obj)
                0x03805754                vex::motor_group::isSpinning()
 .text._ZN3vex11motor_group6isDoneEv
                0x03805794       0x14 c:\Users\_QuestionMark_\AppData\Roaming\Code\User\globalStorage\vexrobotics.vexcode\sdk\cpp\V5\V5_20240802_15_00_00/vexv5\libv5rt.a(vex_motorgroup.cpp.obj)
                0x03805794                vex::motor_group::isDone()
 .text._ZN3vex11motor_group14isSpinningModeEv
                0x038057a8       0x40 c:\Users\_QuestionMark_\AppData\Roaming\Code\User\globalStorage\vexrobotics.vexcode\sdk\cpp\V5\V5_20240802_15_00_00/vexv5\libv5rt.a(vex_motorgroup.cpp.obj)
                0x038057a8                vex::motor_group::isSpinningMode()
 .text._ZN3vex11motor_group4stopEv
                0x038057e8       0x30 c:\Users\_QuestionMark_\AppData\Roaming\Code\User\globalStorage\vexrobotics.vexcode\sdk\cpp\V5\V5_20240802_15_00_00/vexv5\libv5rt.a(vex_motorgroup.cpp.obj)
                0x038057e8                vex::motor_group::stop()
 .text._ZN3vex11motor_group4stopENS_9brakeTypeE
                0x03805818       0x38 c:\Users\_QuestionMark_\AppData\Roaming\Code\User\globalStorage\vexrobotics.vexcode\sdk\cpp\V5\V5_20240802_15_00_00/vexv5\libv5rt.a(vex_motorgroup.cpp.obj)
                0x03805818                vex::motor_group::stop(vex::brakeType)
 .text._ZN3vex11motor_group8positionENS_13rotationUnitsE
                0x03805850        0xc c:\Users\_QuestionMark_\AppData\Roaming\Code\User\globalStorage\vexrobotics.vexcode\sdk\cpp\V5\V5_20240802_15_00_00/vexv5\libv5rt.a(vex_motorgroup.cpp.obj)
                0x03805850                vex::motor_group::position(vex::rotationUnits)
 .text._ZN3vex11motor_group20waitForCompletionAllEv
                0x0380585c       0x60 c:\Users\_QuestionMark_\AppData\Roaming\Code\User\globalStorage\vexrobotics.vexcode\sdk\cpp\V5\V5_20240802_15_00_00/vexv5\libv5rt.a(vex_motorgroup.cpp.obj)
                0x0380585c                vex::motor_group::waitForCompletionAll()
 .text._ZN3vex11motor_group7spinForENS_13directionTypeEdNS_13rotationUnitsEdNS_13velocityUnitsEb
                0x038058bc       0xa8 c:\Users\_QuestionMark_\AppData\Roaming\Code\User\globalStorage\vexrobotics.vexcode\sdk\cpp\V5\V5_20240802_15_00_00/vexv5\libv5rt.a(vex_motorgroup.cpp.obj)
                0x038058bc                vex::motor_group::spinFor(vex::directionType, double, vex::rotationUnits, double, vex::velocityUnits, bool)
 .text._ZN3vex11motor_group7spinForENS_13directionTypeEdNS_13rotationUnitsEb
                0x03805964       0x80 c:\Users\_QuestionMark_\AppData\Roaming\Code\User\globalStorage\vexrobotics.vexcode\sdk\cpp\V5\V5_20240802_15_00_00/vexv5\libv5rt.a(vex_motorgroup.cpp.obj)
                0x03805964                vex::motor_group::spinFor(vex::directionType, double, vex::rotationUnits, bool)
 .text._ZN3vex10drivetrainD2Ev
                0x038059e4       0x28 c:\Users\_QuestionMark_\AppData\Roaming\Code\User\globalStorage\vexrobotics.vexcode\sdk\cpp\V5\V5_20240802_15_00_00/vexv5\libv5rt.a(vex_drivetrain.cpp.obj)
                0x038059e4                vex::drivetrain::~drivetrain()
                0x038059e4                vex::drivetrain::~drivetrain()
 .text._ZN3vex10drivetrainD0Ev
                0x03805a0c       0x1c c:\Users\_QuestionMark_\AppData\Roaming\Code\User\globalStorage\vexrobotics.vexcode\sdk\cpp\V5\V5_20240802_15_00_00/vexv5\libv5rt.a(vex_drivetrain.cpp.obj)
                0x03805a0c                vex::drivetrain::~drivetrain()
 .text._ZN3vex10drivetrain8isMovingEv
                0x03805a28       0x24 c:\Users\_QuestionMark_\AppData\Roaming\Code\User\globalStorage\vexrobotics.vexcode\sdk\cpp\V5\V5_20240802_15_00_00/vexv5\libv5rt.a(vex_drivetrain.cpp.obj)
                0x03805a28                vex::drivetrain::isMoving()
 .text._ZN3vex10drivetrain16setDriveVelocityEdNS_13velocityUnitsE
                0x03805a4c       0x48 c:\Users\_QuestionMark_\AppData\Roaming\Code\User\globalStorage\vexrobotics.vexcode\sdk\cpp\V5\V5_20240802_15_00_00/vexv5\libv5rt.a(vex_drivetrain.cpp.obj)
                0x03805a4c                vex::drivetrain::setDriveVelocity(double, vex::velocityUnits)
 *fill*         0x03805a94        0x4 
 .text._ZN3vex10drivetrain12setGearRatioEd
                0x03805a98       0x54 c:\Users\_QuestionMark_\AppData\Roaming\Code\User\globalStorage\vexrobotics.vexcode\sdk\cpp\V5\V5_20240802_15_00_00/vexv5\libv5rt.a(vex_drivetrain.cpp.obj)
                0x03805a98                vex::drivetrain::setGearRatio(double)
 .text._ZN3vex10drivetrain4turnENS_8turnTypeE
                0x03805aec       0x50 c:\Users\_QuestionMark_\AppData\Roaming\Code\User\globalStorage\vexrobotics.vexcode\sdk\cpp\V5\V5_20240802_15_00_00/vexv5\libv5rt.a(vex_drivetrain.cpp.obj)
                0x03805aec                vex::drivetrain::turn(vex::turnType)
 .text._ZN3vex10drivetrain15setTurnVelocityEdNS_13velocityUnitsE
                0x03805b3c       0x28 c:\Users\_QuestionMark_\AppData\Roaming\Code\User\globalStorage\vexrobotics.vexcode\sdk\cpp\V5\V5_20240802_15_00_00/vexv5\libv5rt.a(vex_drivetrain.cpp.obj)
                0x03805b3c                vex::drivetrain::setTurnVelocity(double, vex::velocityUnits)
 .text._ZN3vex10drivetrain6isDoneEv
                0x03805b64       0x14 c:\Users\_QuestionMark_\AppData\Roaming\Code\User\globalStorage\vexrobotics.vexcode\sdk\cpp\V5\V5_20240802_15_00_00/vexv5\libv5rt.a(vex_drivetrain.cpp.obj)
                0x03805b64                vex::drivetrain::isDone()
 .text._ZN3vex10drivetrain4stopEv
                0x03805b78       0x24 c:\Users\_QuestionMark_\AppData\Roaming\Code\User\globalStorage\vexrobotics.vexcode\sdk\cpp\V5\V5_20240802_15_00_00/vexv5\libv5rt.a(vex_drivetrain.cpp.obj)
                0x03805b78                vex::drivetrain::stop()
 .text._ZN3vex10drivetrain21_waitForCompletionAllEv
                0x03805b9c       0x80 c:\Users\_QuestionMark_\AppData\Roaming\Code\User\globalStorage\vexrobotics.vexcode\sdk\cpp\V5\V5_20240802_15_00_00/vexv5\libv5rt.a(vex_drivetrain.cpp.obj)
                0x03805b9c                vex::drivetrain::_waitForCompletionAll()
 *fill*         0x03805c1c        0x4 
 .text._ZN3vex10drivetrain12distanceToMmEdNS_13distanceUnitsE
                0x03805c20       0x38 c:\Users\_QuestionMark_\AppData\Roaming\Code\User\globalStorage\vexrobotics.vexcode\sdk\cpp\V5\V5_20240802_15_00_00/vexv5\libv5rt.a(vex_drivetrain.cpp.obj)
                0x03805c20                vex::drivetrain::distanceToMm(double, vex::distanceUnits)
 .text._ZN3vex10drivetrainC2ERNS_11motor_groupES2_dddNS_13distanceUnitsEd
                0x03805c58      0x110 c:\Users\_QuestionMark_\AppData\Roaming\Code\User\globalStorage\vexrobotics.vexcode\sdk\cpp\V5\V5_20240802_15_00_00/vexv5\libv5rt.a(vex_drivetrain.cpp.obj)
                0x03805c58                vex::drivetrain::drivetrain(vex::motor_group&, vex::motor_group&, double, double, double, vex::distanceUnits, double)
                0x03805c58                vex::drivetrain::drivetrain(vex::motor_group&, vex::motor_group&, double, double, double, vex::distanceUnits, double)
 .text._ZN3vex10drivetrain14distanceToRevsEdNS_13distanceUnitsE
                0x03805d68       0x34 c:\Users\_QuestionMark_\AppData\Roaming\Code\User\globalStorage\vexrobotics.vexcode\sdk\cpp\V5\V5_20240802_15_00_00/vexv5\libv5rt.a(vex_drivetrain.cpp.obj)
                0x03805d68                vex::drivetrain::distanceToRevs(double, vex::distanceUnits)
 .text._ZN3vex10drivetrain8driveForENS_13directionTypeEdNS_13distanceUnitsEb
                0x03805d9c       0x90 c:\Users\_QuestionMark_\AppData\Roaming\Code\User\globalStorage\vexrobotics.vexcode\sdk\cpp\V5\V5_20240802_15_00_00/vexv5\libv5rt.a(vex_drivetrain.cpp.obj)
                0x03805d9c                vex::drivetrain::driveFor(vex::directionType, double, vex::distanceUnits, bool)
 .text._ZN3vex10drivetrain8driveForEdNS_13distanceUnitsEb
                0x03805e2c       0x10 c:\Users\_QuestionMark_\AppData\Roaming\Code\User\globalStorage\vexrobotics.vexcode\sdk\cpp\V5\V5_20240802_15_00_00/vexv5\libv5rt.a(vex_drivetrain.cpp.obj)
                0x03805e2c                vex::drivetrain::driveFor(double, vex::distanceUnits, bool)
 .text._ZN3vex10drivetrain8driveForENS_13directionTypeEdNS_13distanceUnitsEdNS_13velocityUnitsEb
                0x03805e3c       0xc8 c:\Users\_QuestionMark_\AppData\Roaming\Code\User\globalStorage\vexrobotics.vexcode\sdk\cpp\V5\V5_20240802_15_00_00/vexv5\libv5rt.a(vex_drivetrain.cpp.obj)
                0x03805e3c                vex::drivetrain::driveFor(vex::directionType, double, vex::distanceUnits, double, vex::velocityUnits, bool)
 .text._ZN3vex10drivetrain8driveForEdNS_13distanceUnitsEdNS_13velocityUnitsEb
                0x03805f04       0x18 c:\Users\_QuestionMark_\AppData\Roaming\Code\User\globalStorage\vexrobotics.vexcode\sdk\cpp\V5\V5_20240802_15_00_00/vexv5\libv5rt.a(vex_drivetrain.cpp.obj)
                0x03805f04                vex::drivetrain::driveFor(double, vex::distanceUnits, double, vex::velocityUnits, bool)
 *fill*         0x03805f1c        0x4 
 .text._ZN3vex10drivetrain11angleToRevsEdNS_13rotationUnitsE
                0x03805f20       0x98 c:\Users\_QuestionMark_\AppData\Roaming\Code\User\globalStorage\vexrobotics.vexcode\sdk\cpp\V5\V5_20240802_15_00_00/vexv5\libv5rt.a(vex_drivetrain.cpp.obj)
                0x03805f20                vex::drivetrain::angleToRevs(double, vex::rotationUnits)
 .text._ZN3vex10drivetrain7turnForENS_8turnTypeEdNS_13rotationUnitsEb
                0x03805fb8       0xbc c:\Users\_QuestionMark_\AppData\Roaming\Code\User\globalStorage\vexrobotics.vexcode\sdk\cpp\V5\V5_20240802_15_00_00/vexv5\libv5rt.a(vex_drivetrain.cpp.obj)
                0x03805fb8                vex::drivetrain::turnFor(vex::turnType, double, vex::rotationUnits, bool)
 .text._ZN3vex10drivetrain7turnForEdNS_13rotationUnitsEb
                0x03806074       0x10 c:\Users\_QuestionMark_\AppData\Roaming\Code\User\globalStorage\vexrobotics.vexcode\sdk\cpp\V5\V5_20240802_15_00_00/vexv5\libv5rt.a(vex_drivetrain.cpp.obj)
                0x03806074                vex::drivetrain::turnFor(double, vex::rotationUnits, bool)
 .text._ZN3vex10drivetrain7turnForENS_8turnTypeEdNS_13rotationUnitsEdNS_13velocityUnitsEb
                0x03806084       0xd0 c:\Users\_QuestionMark_\AppData\Roaming\Code\User\globalStorage\vexrobotics.vexcode\sdk\cpp\V5\V5_20240802_15_00_00/vexv5\libv5rt.a(vex_drivetrain.cpp.obj)
                0x03806084                vex::drivetrain::turnFor(vex::turnType, double, vex::rotationUnits, double, vex::velocityUnits, bool)
 .text._ZN3vex10drivetrain7turnForEdNS_13rotationUnitsEdNS_13velocityUnitsEb
                0x03806154       0x18 c:\Users\_QuestionMark_\AppData\Roaming\Code\User\globalStorage\vexrobotics.vexcode\sdk\cpp\V5\V5_20240802_15_00_00/vexv5\libv5rt.a(vex_drivetrain.cpp.obj)
                0x03806154                vex::drivetrain::turnFor(double, vex::rotationUnits, double, vex::velocityUnits, bool)
 .text.vexAdiPortConfigSet
                0x0380616c       0x28 c:\Users\_QuestionMark_\AppData\Roaming\Code\User\globalStorage\vexrobotics.vexcode\sdk\cpp\V5\V5_20240802_15_00_00/vexv5\libv5rt.a(v5_apiuser.c.obj)
                0x0380616c                vexAdiPortConfigSet
 .text.vexAdiPortConfigGet
                0x03806194       0x28 c:\Users\_QuestionMark_\AppData\Roaming\Code\User\globalStorage\vexrobotics.vexcode\sdk\cpp\V5\V5_20240802_15_00_00/vexv5\libv5rt.a(v5_apiuser.c.obj)
                0x03806194                vexAdiPortConfigGet
 .text.vexAdiValueSet
                0x038061bc       0x28 c:\Users\_QuestionMark_\AppData\Roaming\Code\User\globalStorage\vexrobotics.vexcode\sdk\cpp\V5\V5_20240802_15_00_00/vexv5\libv5rt.a(v5_apiuser.c.obj)
                0x038061bc                vexAdiValueSet
 .text.vexAdiValueGet
                0x038061e4       0x20 c:\Users\_QuestionMark_\AppData\Roaming\Code\User\globalStorage\vexrobotics.vexcode\sdk\cpp\V5\V5_20240802_15_00_00/vexv5\libv5rt.a(v5_apiuser.c.obj)
                0x038061e4                vexAdiValueGet
 .text.vexMotorVelocitySet
                0x03806204       0x20 c:\Users\_QuestionMark_\AppData\Roaming\Code\User\globalStorage\vexrobotics.vexcode\sdk\cpp\V5\V5_20240802_15_00_00/vexv5\libv5rt.a(v5_apiuser.c.obj)
                0x03806204                vexMotorVelocitySet
 .text.vexMotorVoltageSet
                0x03806224       0x20 c:\Users\_QuestionMark_\AppData\Roaming\Code\User\globalStorage\vexrobotics.vexcode\sdk\cpp\V5\V5_20240802_15_00_00/vexv5\libv5rt.a(v5_apiuser.c.obj)
                0x03806224                vexMotorVoltageSet
 .text.vexMotorVelocityGet
                0x03806244       0x18 c:\Users\_QuestionMark_\AppData\Roaming\Code\User\globalStorage\vexrobotics.vexcode\sdk\cpp\V5\V5_20240802_15_00_00/vexv5\libv5rt.a(v5_apiuser.c.obj)
                0x03806244                vexMotorVelocityGet
 .text.vexMotorActualVelocityGet
                0x0380625c       0x24 c:\Users\_QuestionMark_\AppData\Roaming\Code\User\globalStorage\vexrobotics.vexcode\sdk\cpp\V5\V5_20240802_15_00_00/vexv5\libv5rt.a(v5_apiuser.c.obj)
                0x0380625c                vexMotorActualVelocityGet
 .text.vexMotorModeGet
                0x03806280       0x18 c:\Users\_QuestionMark_\AppData\Roaming\Code\User\globalStorage\vexrobotics.vexcode\sdk\cpp\V5\V5_20240802_15_00_00/vexv5\libv5rt.a(v5_apiuser.c.obj)
                0x03806280                vexMotorModeGet
 .text.vexMotorZeroPositionFlagGet
                0x03806298       0x18 c:\Users\_QuestionMark_\AppData\Roaming\Code\User\globalStorage\vexrobotics.vexcode\sdk\cpp\V5\V5_20240802_15_00_00/vexv5\libv5rt.a(v5_apiuser.c.obj)
                0x03806298                vexMotorZeroPositionFlagGet
 .text.vexMotorReverseFlagSet
                0x038062b0       0x20 c:\Users\_QuestionMark_\AppData\Roaming\Code\User\globalStorage\vexrobotics.vexcode\sdk\cpp\V5\V5_20240802_15_00_00/vexv5\libv5rt.a(v5_apiuser.c.obj)
                0x038062b0                vexMotorReverseFlagSet
 .text.vexMotorEncoderUnitsSet
                0x038062d0       0x20 c:\Users\_QuestionMark_\AppData\Roaming\Code\User\globalStorage\vexrobotics.vexcode\sdk\cpp\V5\V5_20240802_15_00_00/vexv5\libv5rt.a(v5_apiuser.c.obj)
                0x038062d0                vexMotorEncoderUnitsSet
 .text.vexMotorBrakeModeSet
                0x038062f0       0x20 c:\Users\_QuestionMark_\AppData\Roaming\Code\User\globalStorage\vexrobotics.vexcode\sdk\cpp\V5\V5_20240802_15_00_00/vexv5\libv5rt.a(v5_apiuser.c.obj)
                0x038062f0                vexMotorBrakeModeSet
 .text.vexMotorPositionSet
                0x03806310       0x28 c:\Users\_QuestionMark_\AppData\Roaming\Code\User\globalStorage\vexrobotics.vexcode\sdk\cpp\V5\V5_20240802_15_00_00/vexv5\libv5rt.a(v5_apiuser.c.obj)
                0x03806310                vexMotorPositionSet
 .text.vexMotorPositionGet
                0x03806338       0x24 c:\Users\_QuestionMark_\AppData\Roaming\Code\User\globalStorage\vexrobotics.vexcode\sdk\cpp\V5\V5_20240802_15_00_00/vexv5\libv5rt.a(v5_apiuser.c.obj)
                0x03806338                vexMotorPositionGet
 .text.vexMotorRelativeTargetSet
                0x0380635c       0x30 c:\Users\_QuestionMark_\AppData\Roaming\Code\User\globalStorage\vexrobotics.vexcode\sdk\cpp\V5\V5_20240802_15_00_00/vexv5\libv5rt.a(v5_apiuser.c.obj)
                0x0380635c                vexMotorRelativeTargetSet
 .text.vexMotorGearingSet
                0x0380638c       0x20 c:\Users\_QuestionMark_\AppData\Roaming\Code\User\globalStorage\vexrobotics.vexcode\sdk\cpp\V5\V5_20240802_15_00_00/vexv5\libv5rt.a(v5_apiuser.c.obj)
                0x0380638c                vexMotorGearingSet
 .text.vexMotorGearingGet
                0x038063ac       0x18 c:\Users\_QuestionMark_\AppData\Roaming\Code\User\globalStorage\vexrobotics.vexcode\sdk\cpp\V5\V5_20240802_15_00_00/vexv5\libv5rt.a(v5_apiuser.c.obj)
                0x038063ac                vexMotorGearingGet
 .text.vexImuReset
                0x038063c4       0x10 c:\Users\_QuestionMark_\AppData\Roaming\Code\User\globalStorage\vexrobotics.vexcode\sdk\cpp\V5\V5_20240802_15_00_00/vexv5\libv5rt.a(v5_apiuser.c.obj)
                0x038063c4                vexImuReset
 .text.vexImuHeadingGet
                0x038063d4       0x10 c:\Users\_QuestionMark_\AppData\Roaming\Code\User\globalStorage\vexrobotics.vexcode\sdk\cpp\V5\V5_20240802_15_00_00/vexv5\libv5rt.a(v5_apiuser.c.obj)
                0x038063d4                vexImuHeadingGet
 .text.vexImuDegreesGet
                0x038063e4       0x10 c:\Users\_QuestionMark_\AppData\Roaming\Code\User\globalStorage\vexrobotics.vexcode\sdk\cpp\V5\V5_20240802_15_00_00/vexv5\libv5rt.a(v5_apiuser.c.obj)
                0x038063e4                vexImuDegreesGet
 .text.vexImuStatusGet
                0x038063f4       0x10 c:\Users\_QuestionMark_\AppData\Roaming\Code\User\globalStorage\vexrobotics.vexcode\sdk\cpp\V5\V5_20240802_15_00_00/vexv5\libv5rt.a(v5_apiuser.c.obj)
                0x038063f4                vexImuStatusGet
 .text.vexAbsEncAngleGet
                0x03806404       0x10 c:\Users\_QuestionMark_\AppData\Roaming\Code\User\globalStorage\vexrobotics.vexcode\sdk\cpp\V5\V5_20240802_15_00_00/vexv5\libv5rt.a(v5_apiuser.c.obj)
                0x03806404                vexAbsEncAngleGet
 .text.vexAbsEncReverseFlagSet
                0x03806414       0x18 c:\Users\_QuestionMark_\AppData\Roaming\Code\User\globalStorage\vexrobotics.vexcode\sdk\cpp\V5\V5_20240802_15_00_00/vexv5\libv5rt.a(v5_apiuser.c.obj)
                0x03806414                vexAbsEncReverseFlagSet
 .text.vexDistanceDistanceGet
                0x0380642c       0x10 c:\Users\_QuestionMark_\AppData\Roaming\Code\User\globalStorage\vexrobotics.vexcode\sdk\cpp\V5\V5_20240802_15_00_00/vexv5\libv5rt.a(v5_apiuser.c.obj)
                0x0380642c                vexDistanceDistanceGet
 .text.vexEventMaskSet
                0x0380643c       0x28 c:\Users\_QuestionMark_\AppData\Roaming\Code\User\globalStorage\vexrobotics.vexcode\sdk\cpp\V5\V5_20240802_15_00_00/vexv5\libv5rt.a(v5_apiuser.c.obj)
                0x0380643c                vexEventMaskSet
 .text.vexEventMaskGet
                0x03806464       0x18 c:\Users\_QuestionMark_\AppData\Roaming\Code\User\globalStorage\vexrobotics.vexcode\sdk\cpp\V5\V5_20240802_15_00_00/vexv5\libv5rt.a(v5_apiuser.c.obj)
                0x03806464                vexEventMaskGet
 .text._ZN3vex6deviceD2Ev
                0x0380647c        0x4 c:\Users\_QuestionMark_\AppData\Roaming\Code\User\globalStorage\vexrobotics.vexcode\sdk\cpp\V5\V5_20240802_15_00_00/vexv5\libv5rt.a(vex_device.cpp.obj)
                0x0380647c                vex::device::~device()
                0x0380647c                vex::device::~device()
 .text._ZN3vex6device5valueEv
                0x03806480        0x8 c:\Users\_QuestionMark_\AppData\Roaming\Code\User\globalStorage\vexrobotics.vexcode\sdk\cpp\V5\V5_20240802_15_00_00/vexv5\libv5rt.a(vex_device.cpp.obj)
                0x03806480                vex::device::value()
 .text._ZN3vex6deviceD0Ev
                0x03806488       0x14 c:\Users\_QuestionMark_\AppData\Roaming\Code\User\globalStorage\vexrobotics.vexcode\sdk\cpp\V5\V5_20240802_15_00_00/vexv5\libv5rt.a(vex_device.cpp.obj)
                0x03806488                vex::device::~device()
 .text._ZN3vex6device4initEl
                0x0380649c       0x30 c:\Users\_QuestionMark_\AppData\Roaming\Code\User\globalStorage\vexrobotics.vexcode\sdk\cpp\V5\V5_20240802_15_00_00/vexv5\libv5rt.a(vex_device.cpp.obj)
                0x0380649c                vex::device::init(long)
 .text._ZN3vex6deviceC2El
                0x038064cc       0x20 c:\Users\_QuestionMark_\AppData\Roaming\Code\User\globalStorage\vexrobotics.vexcode\sdk\cpp\V5\V5_20240802_15_00_00/vexv5\libv5rt.a(vex_device.cpp.obj)